Archive member included to satisfy reference by file (symbol)

C:/ST/STM32CubeIDE_1.19.0/STM32CubeIDE/plugins/com.st.stm32cube.ide.mcu.externaltools.gnu-tools-for-stm32.13.3.rel1.win32_1.0.0.202411081344/tools/bin/../lib/gcc/arm-none-eabi/13.3.1/../../../../arm-none-eabi/lib/thumb/v7-m/nofp\libc_nano.a(libc_a-exit.o)
                              C:/ST/STM32CubeIDE_1.19.0/STM32CubeIDE/plugins/com.st.stm32cube.ide.mcu.externaltools.gnu-tools-for-stm32.13.3.rel1.win32_1.0.0.202411081344/tools/bin/../lib/gcc/arm-none-eabi/13.3.1/../../../../arm-none-eabi/lib/thumb/v7-m/nofp/crt0.o (exit)
C:/ST/STM32CubeIDE_1.19.0/STM32CubeIDE/plugins/com.st.stm32cube.ide.mcu.externaltools.gnu-tools-for-stm32.13.3.rel1.win32_1.0.0.202411081344/tools/bin/../lib/gcc/arm-none-eabi/13.3.1/../../../../arm-none-eabi/lib/thumb/v7-m/nofp\libc_nano.a(libc_a-findfp.o)
                              C:/ST/STM32CubeIDE_1.19.0/STM32CubeIDE/plugins/com.st.stm32cube.ide.mcu.externaltools.gnu-tools-for-stm32.13.3.rel1.win32_1.0.0.202411081344/tools/bin/../lib/gcc/arm-none-eabi/13.3.1/../../../../arm-none-eabi/lib/thumb/v7-m/nofp\libc_nano.a(libc_a-exit.o) (__stdio_exit_handler)
C:/ST/STM32CubeIDE_1.19.0/STM32CubeIDE/plugins/com.st.stm32cube.ide.mcu.externaltools.gnu-tools-for-stm32.13.3.rel1.win32_1.0.0.202411081344/tools/bin/../lib/gcc/arm-none-eabi/13.3.1/../../../../arm-none-eabi/lib/thumb/v7-m/nofp\libc_nano.a(libc_a-fwalk.o)
                              C:/ST/STM32CubeIDE_1.19.0/STM32CubeIDE/plugins/com.st.stm32cube.ide.mcu.externaltools.gnu-tools-for-stm32.13.3.rel1.win32_1.0.0.202411081344/tools/bin/../lib/gcc/arm-none-eabi/13.3.1/../../../../arm-none-eabi/lib/thumb/v7-m/nofp\libc_nano.a(libc_a-findfp.o) (_fwalk_sglue)
C:/ST/STM32CubeIDE_1.19.0/STM32CubeIDE/plugins/com.st.stm32cube.ide.mcu.externaltools.gnu-tools-for-stm32.13.3.rel1.win32_1.0.0.202411081344/tools/bin/../lib/gcc/arm-none-eabi/13.3.1/../../../../arm-none-eabi/lib/thumb/v7-m/nofp\libc_nano.a(libc_a-stdio.o)
                              C:/ST/STM32CubeIDE_1.19.0/STM32CubeIDE/plugins/com.st.stm32cube.ide.mcu.externaltools.gnu-tools-for-stm32.13.3.rel1.win32_1.0.0.202411081344/tools/bin/../lib/gcc/arm-none-eabi/13.3.1/../../../../arm-none-eabi/lib/thumb/v7-m/nofp\libc_nano.a(libc_a-findfp.o) (__sread)
C:/ST/STM32CubeIDE_1.19.0/STM32CubeIDE/plugins/com.st.stm32cube.ide.mcu.externaltools.gnu-tools-for-stm32.13.3.rel1.win32_1.0.0.202411081344/tools/bin/../lib/gcc/arm-none-eabi/13.3.1/../../../../arm-none-eabi/lib/thumb/v7-m/nofp\libc_nano.a(libc_a-vsnprintf.o)
                              ./Core/Src/functions.o (vsnprintf)
C:/ST/STM32CubeIDE_1.19.0/STM32CubeIDE/plugins/com.st.stm32cube.ide.mcu.externaltools.gnu-tools-for-stm32.13.3.rel1.win32_1.0.0.202411081344/tools/bin/../lib/gcc/arm-none-eabi/13.3.1/../../../../arm-none-eabi/lib/thumb/v7-m/nofp\libc_nano.a(libc_a-memset.o)
                              C:/ST/STM32CubeIDE_1.19.0/STM32CubeIDE/plugins/com.st.stm32cube.ide.mcu.externaltools.gnu-tools-for-stm32.13.3.rel1.win32_1.0.0.202411081344/tools/bin/../lib/gcc/arm-none-eabi/13.3.1/../../../../arm-none-eabi/lib/thumb/v7-m/nofp/crt0.o (memset)
C:/ST/STM32CubeIDE_1.19.0/STM32CubeIDE/plugins/com.st.stm32cube.ide.mcu.externaltools.gnu-tools-for-stm32.13.3.rel1.win32_1.0.0.202411081344/tools/bin/../lib/gcc/arm-none-eabi/13.3.1/../../../../arm-none-eabi/lib/thumb/v7-m/nofp\libc_nano.a(libc_a-closer.o)
                              C:/ST/STM32CubeIDE_1.19.0/STM32CubeIDE/plugins/com.st.stm32cube.ide.mcu.externaltools.gnu-tools-for-stm32.13.3.rel1.win32_1.0.0.202411081344/tools/bin/../lib/gcc/arm-none-eabi/13.3.1/../../../../arm-none-eabi/lib/thumb/v7-m/nofp\libc_nano.a(libc_a-stdio.o) (_close_r)
C:/ST/STM32CubeIDE_1.19.0/STM32CubeIDE/plugins/com.st.stm32cube.ide.mcu.externaltools.gnu-tools-for-stm32.13.3.rel1.win32_1.0.0.202411081344/tools/bin/../lib/gcc/arm-none-eabi/13.3.1/../../../../arm-none-eabi/lib/thumb/v7-m/nofp\libc_nano.a(libc_a-reent.o)
                              C:/ST/STM32CubeIDE_1.19.0/STM32CubeIDE/plugins/com.st.stm32cube.ide.mcu.externaltools.gnu-tools-for-stm32.13.3.rel1.win32_1.0.0.202411081344/tools/bin/../lib/gcc/arm-none-eabi/13.3.1/../../../../arm-none-eabi/lib/thumb/v7-m/nofp\libc_nano.a(libc_a-closer.o) (errno)
C:/ST/STM32CubeIDE_1.19.0/STM32CubeIDE/plugins/com.st.stm32cube.ide.mcu.externaltools.gnu-tools-for-stm32.13.3.rel1.win32_1.0.0.202411081344/tools/bin/../lib/gcc/arm-none-eabi/13.3.1/../../../../arm-none-eabi/lib/thumb/v7-m/nofp\libc_nano.a(libc_a-impure.o)
                              C:/ST/STM32CubeIDE_1.19.0/STM32CubeIDE/plugins/com.st.stm32cube.ide.mcu.externaltools.gnu-tools-for-stm32.13.3.rel1.win32_1.0.0.202411081344/tools/bin/../lib/gcc/arm-none-eabi/13.3.1/../../../../arm-none-eabi/lib/thumb/v7-m/nofp\libc_nano.a(libc_a-vsnprintf.o) (_impure_ptr)
[...]
Memory Configuration

Name             Origin             Length             Attributes
RAM              0x20000000         0x00002000         xrw
FLASH            0x08000000         0x00020000         xr
*default*        0x00000000         0xffffffff

Linker script and memory map

LOAD C:/ST/STM32CubeIDE_1.19.0/STM32CubeIDE/plugins/com.st.stm32cube.ide.mcu.externaltools.gnu-tools-for-stm32.13.3.rel1.win32_1.0.0.202411081344/tools/bin/../lib/gcc/arm-none-eabi/13.3.1/thumb/v7-m/nofp/crti.o
LOAD C:/ST/STM32CubeIDE_1.19.0/STM32CubeIDE/plugins/com.st.stm32cube.ide.mcu.externaltools.gnu-tools-for-stm32.13.3.rel1.win32_1.0.0.202411081344/tools/bin/../lib/gcc/arm-none-eabi/13.3.1/thumb/v7-m/nofp/crtbegin.o
LOAD C:/ST/STM32CubeIDE_1.19.0/STM32CubeIDE/plugins/com.st.stm32cube.ide.mcu.externaltools.gnu-tools-for-stm32.13.3.rel1.win32_1.0.0.202411081344/tools/bin/../lib/gcc/arm-none-eabi/13.3.1/../../../../arm-none-eabi/lib/thumb/v7-m/nofp/crt0.o
LOAD ./Core/Src/freertos.o
LOAD ./Core/Src/functions.o
LOAD ./Core/Src/generated_points.o
LOAD ./Core/Src/gpio.o
LOAD ./Core/Src/i2c.o
LOAD ./Core/Src/main.o
LOAD ./Core/Src/sensor_message.o
LOAD ./Core/Src/stm32f1xx_hal_msp.o
LOAD ./Core/Src/stm32f1xx_it.o
LOAD ./Core/Src/syscalls.o
LOAD ./Core/Src/sysmem.o
LOAD ./Core/Src/system_stm32f1xx.o
LOAD ./Core/Src/usart.o
LOAD ./Core/Startup/startup_stm32f100rbtx.o
LOAD ./Drivers/STM32F1xx_HAL_Driver/Src/stm32f1xx_hal.o
LOAD ./Drivers/STM32F1xx_HAL_Driver/Src/stm32f1xx_hal_cortex.o
LOAD ./Drivers/STM32F1xx_HAL_Driver/Src/stm32f1xx_hal_dma.o
LOAD ./Drivers/STM32F1xx_HAL_Driver/Src/stm32f1xx_hal_exti.o
LOAD ./Drivers/STM32F1xx_HAL_Driver/Src/stm32f1xx_hal_flash.o
LOAD ./Drivers/STM32F1xx_HAL_Driver/Src/stm32f1xx_hal_flash_ex.o
LOAD ./Drivers/STM32F1xx_HAL_Driver/Src/stm32f1xx_hal_gpio.o
LOAD ./Drivers/STM32F1xx_HAL_Driver/Src/stm32f1xx_hal_gpio_ex.o
LOAD ./Drivers/STM32F1xx_HAL_Driver/Src/stm32f1xx_hal_i2c.o
LOAD ./Drivers/STM32F1xx_HAL_Driver/Src/stm32f1xx_hal_pwr.o
LOAD ./Drivers/STM32F1xx_HAL_Driver/Src/stm32f1xx_hal_rcc.o
LOAD ./Drivers/STM32F1xx_HAL_Driver/Src/stm32f1xx_hal_rcc_ex.o
LOAD ./Drivers/STM32F1xx_HAL_Driver/Src/stm32f1xx_hal_uart.o
LOAD ./Middlewares/Third_Party/FreeRTOS/Source/CMSIS_RTOS/cmsis_os.o
LOAD ./Middlewares/Third_Party/FreeRTOS/Source/croutine.o
LOAD ./Middlewares/Third_Party/FreeRTOS/Source/event_groups.o
LOAD ./Middlewares/Third_Party/FreeRTOS/Source/list.o
LOAD ./Middlewares/Third_Party/FreeRTOS/Source/queue.o
LOAD ./Middlewares/Third_Party/FreeRTOS/Source/stream_buffer.o
LOAD ./Middlewares/Third_Party/FreeRTOS/Source/tasks.o
LOAD ./Middlewares/Third_Party/FreeRTOS/Source/timers.o
LOAD ./Middlewares/Third_Party/FreeRTOS/Source/portable/GCC/ARM_CM3/port.o
LOAD ./Middlewares/Third_Party/FreeRTOS/Source/portable/MemMang/heap_4.o
START GROUP
LOAD C:/ST/STM32CubeIDE_1.19.0/STM32CubeIDE/plugins/com.st.stm32cube.ide.mcu.externaltools.gnu-tools-for-stm32.13.3.rel1.win32_1.0.0.202411081344/tools/bin/../lib/gcc/arm-none-eabi/13.3.1/../../../../arm-none-eabi/lib/thumb/v7-m/nofp\libc_nano.a
LOAD C:/ST/STM32CubeIDE_1.19.0/STM32CubeIDE/plugins/com.st.stm32cube.ide.mcu.externaltools.gnu-tools-for-stm32.13.3.rel1.win32_1.0.0.202411081344/tools/bin/../lib/gcc/arm-none-eabi/13.3.1/../../../../arm-none-eabi/lib/thumb/v7-m/nofp\libm.a
END GROUP
START GROUP
LOAD C:/ST/STM32CubeIDE_1.19.0/STM32CubeIDE/plugins/com.st.stm32cube.ide.mcu.externaltools.gnu-tools-for-stm32.13.3.rel1.win32_1.0.0.202411081344/tools/bin/../lib/gcc/arm-none-eabi/13.3.1/thumb/v7-m/nofp\libgcc.a
LOAD C:/ST/STM32CubeIDE_1.19.0/STM32CubeIDE/plugins/com.st.stm32cube.ide.mcu.externaltools.gnu-tools-for-stm32.13.3.rel1.win32_1.0.0.202411081344/tools/bin/../lib/gcc/arm-none-eabi/13.3.1/../../../../arm-none-eabi/lib/thumb/v7-m/nofp\libc_nano.a
END GROUP
START GROUP
LOAD C:/ST/STM32CubeIDE_1.19.0/STM32CubeIDE/plugins/com.st.stm32cube.ide.mcu.externaltools.gnu-tools-for-stm32.13.3.rel1.win32_1.0.0.202411081344/tools/bin/../lib/gcc/arm-none-eabi/13.3.1/thumb/v7-m/nofp\libgcc.a
LOAD C:/ST/STM32CubeIDE_1.19.0/STM32CubeIDE/plugins/com.st.stm32cube.ide.mcu.externaltools.gnu-tools-for-stm32.13.3.rel1.win32_1.0.0.202411081344/tools/bin/../lib/gcc/arm-none-eabi/13.3.1/../../../../arm-none-eabi/lib/thumb/v7-m/nofp\libc_nano.a
LOAD C:/ST/STM32CubeIDE_1.19.0/STM32CubeIDE/plugins/com.st.stm32cube.ide.mcu.externaltools.gnu-tools-for-stm32.13.3.rel1.win32_1.0.0.202411081344/tools/bin/../lib/gcc/arm-none-eabi/13.3.1/../../../../arm-none-eabi/lib/thumb/v7-m/nofp\libnosys.a
END GROUP
START GROUP
LOAD C:/ST/STM32CubeIDE_1.19.0/STM32CubeIDE/plugins/com.st.stm32cube.ide.mcu.externaltools.gnu-tools-for-stm32.13.3.rel1.win32_1.0.0.202411081344/tools/bin/../lib/gcc/arm-none-eabi/13.3.1/thumb/v7-m/nofp\libgcc.a
LOAD C:/ST/STM32CubeIDE_1.19.0/STM32CubeIDE/plugins/com.st.stm32cube.ide.mcu.externaltools.gnu-tools-for-stm32.13.3.rel1.win32_1.0.0.202411081344/tools/bin/../lib/gcc/arm-none-eabi/13.3.1/../../../../arm-none-eabi/lib/thumb/v7-m/nofp\libc_nano.a
LOAD C:/ST/STM32CubeIDE_1.19.0/STM32CubeIDE/plugins/com.st.stm32cube.ide.mcu.externaltools.gnu-tools-for-stm32.13.3.rel1.win32_1.0.0.202411081344/tools/bin/../lib/gcc/arm-none-eabi/13.3.1/../../../../arm-none-eabi/lib/thumb/v7-m/nofp\libnosys.a
END GROUP
LOAD C:/ST/STM32CubeIDE_1.19.0/STM32CubeIDE/plugins/com.st.stm32cube.ide.mcu.externaltools.gnu-tools-for-stm32.13.3.rel1.win32_1.0.0.202411081344/tools/bin/../lib/gcc/arm-none-eabi/13.3.1/thumb/v7-m/nofp/crtend.o
LOAD C:/ST/STM32CubeIDE_1.19.0/STM32CubeIDE/plugins/com.st.stm32cube.ide.mcu.externaltools.gnu-tools-for-stm32.13.3.rel1.win32_1.0.0.202411081344/tools/bin/../lib/gcc/arm-none-eabi/13.3.1/thumb/v7-m/nofp/crtn.o
                0x20002000                        _estack = (ORIGIN (RAM) + LENGTH (RAM))
                0x00000200                        _Min_Heap_Size = 0x200
                0x00000400                        _Min_Stack_Size = 0x400

.isr_vector     0x08000000      0x1d0
                0x08000000                        . = ALIGN (0x4)
 *(.isr_vector)
 .isr_vector    0x08000000      0x1d0 ./Core/Startup/startup_stm32f100rbtx.o
                0x08000000                g_pfnVectors
                0x080001d0                        . = ALIGN (0x4)

.text           0x080001d0     0x66c4
                0x080001d0                        . = ALIGN (0x4)
 *(.text)
 .text          0x080001d0       0x40 C:/ST/STM32CubeIDE_1.19.0/STM32CubeIDE/plugins/com.st.stm32cube.ide.mcu.externaltools.gnu-tools-for-stm32.13.3.rel1.win32_1.0.0.202411081344/tools/bin/../lib/gcc/arm-none-eabi/13.3.1/thumb/v7-m/nofp/crtbegin.o
 .text          0x08000210       0x10 C:/ST/STM32CubeIDE_1.19.0/STM32CubeIDE/plugins/com.st.stm32cube.ide.mcu.externaltools.gnu-tools-for-stm32.13.3.rel1.win32_1.0.0.202411081344/tools/bin/../lib/gcc/arm-none-eabi/13.3.1/../../../../arm-none-eabi/lib/thumb/v7-m/nofp\libc_nano.a(libc_a-strlen.o)
                0x08000210                strlen
 *(.text*)
 .text.vApplicationGetIdleTaskMemory
                0x08000220       0x30 ./Core/Src/freertos.o
                0x08000220                vApplicationGetIdleTaskMemory
 .text.MX_FREERTOS_Init
                0x08000250       0x74 ./Core/Src/freertos.o
                0x08000250                MX_FREERTOS_Init
 .text.StartDefaultTask
                0x080002c4       0x54 ./Core/Src/freertos.o
                0x080002c4                StartDefaultTask
 .text.StartI2CTask
                0x08000318      0x708 ./Core/Src/freertos.o
                0x08000318                StartI2CTask
 .text.get_generated_point_to_send
                0x08000a20       0x38 ./Core/Src/functions.o
                0x08000a20                get_generated_point_to_send
 .text.update_selected_point_leds
                0x08000a58       0x84 ./Core/Src/functions.o
                0x08000a58                update_selected_point_leds
 .text.uart_printf
                0x08000adc       0x68 ./Core/Src/functions.o
                0x08000adc                uart_printf
 .text.MX_GPIO_Init
                0x08000b44      0x140 ./Core/Src/gpio.o
                0x08000b44                MX_GPIO_Init
 .text.MX_I2C1_Init
                0x08000c84       0x5c ./Core/Src/i2c.o
                0x08000c84                MX_I2C1_Init
 .text.HAL_I2C_MspInit
                0x08000ce0       0x9c ./Core/Src/i2c.o
                0x08000ce0                HAL_I2C_MspInit
 .text.HAL_I2C_MspDeInit
                0x08000d7c       0x50 ./Core/Src/i2c.o
                0x08000d7c                HAL_I2C_MspDeInit
 .text.main     0x08000dcc       0x48 ./Core/Src/main.o
                0x08000dcc                main
 .text.SystemClock_Config
                0x08000e14       0x76 ./Core/Src/main.o
                0x08000e14                SystemClock_Config
 *fill*         0x08000e8a        0x2 
 .text.HAL_I2C_SlaveTxCpltCallback
                0x08000e8c       0x28 ./Core/Src/main.o
                0x08000e8c                HAL_I2C_SlaveTxCpltCallback
 .text.HAL_I2C_SlaveRxCpltCallback
                0x08000eb4       0x34 ./Core/Src/main.o
                0x08000eb4                HAL_I2C_SlaveRxCpltCallback
 .text.HAL_GPIO_EXTI_Callback
                0x08000ee8      0x154 ./Core/Src/main.o
                0x08000ee8                HAL_GPIO_EXTI_Callback
 .text.Error_Handler
                0x0800103c        0xc ./Core/Src/main.o
                0x0800103c                Error_Handler
 .text.HAL_MspInit
                0x08001048       0x70 ./Core/Src/stm32f1xx_hal_msp.o
                0x08001048                HAL_MspInit
 .text.NMI_Handler
                0x080010b8        0x8 ./Core/Src/stm32f1xx_it.o
                0x080010b8                NMI_Handler
 .text.HardFault_Handler
                0x080010c0        0x8 ./Core/Src/stm32f1xx_it.o
                0x080010c0                HardFault_Handler
 .text.MemManage_Handler
                0x080010c8        0x8 ./Core/Src/stm32f1xx_it.o
                0x080010c8                MemManage_Handler
 .text.BusFault_Handler
                0x080010d0        0x8 ./Core/Src/stm32f1xx_it.o
                0x080010d0                BusFault_Handler
 .text.UsageFault_Handler
                0x080010d8        0x8 ./Core/Src/stm32f1xx_it.o
                0x080010d8                UsageFault_Handler
 .text.DebugMon_Handler
                0x080010e0        0xc ./Core/Src/stm32f1xx_it.o
                0x080010e0                DebugMon_Handler
 .text.SysTick_Handler
                0x080010ec       0x1a ./Core/Src/stm32f1xx_it.o
                0x080010ec                SysTick_Handler
 .text.EXTI0_IRQHandler
                0x08001106        0xe ./Core/Src/stm32f1xx_it.o
                0x08001106                EXTI0_IRQHandler
 .text.EXTI1_IRQHandler
                0x08001114        0xe ./Core/Src/stm32f1xx_it.o
                0x08001114                EXTI1_IRQHandler
 .text.EXTI2_IRQHandler
                0x08001122        0xe ./Core/Src/stm32f1xx_it.o
                0x08001122                EXTI2_IRQHandler
 .text.EXTI3_IRQHandler
                0x08001130        0xe ./Core/Src/stm32f1xx_it.o
                0x08001130                EXTI3_IRQHandler
 .text.EXTI4_IRQHandler
                0x0800113e        0xe ./Core/Src/stm32f1xx_it.o
                0x0800113e                EXTI4_IRQHandler
 .text.EXTI9_5_IRQHandler
                0x0800114c        0xe ./Core/Src/stm32f1xx_it.o
                0x0800114c                EXTI9_5_IRQHandler
 *fill*         0x0800115a        0x2 
 .text.I2C1_EV_IRQHandler
                0x0800115c       0x14 ./Core/Src/stm32f1xx_it.o
                0x0800115c                I2C1_EV_IRQHandler
 .text.I2C1_ER_IRQHandler
                0x08001170       0x14 ./Core/Src/stm32f1xx_it.o
                0x08001170                I2C1_ER_IRQHandler
 .text._sbrk    0x08001184       0x6c ./Core/Src/sysmem.o
                0x08001184                _sbrk
 .text.SystemInit
                0x080011f0        0xc ./Core/Src/system_stm32f1xx.o
                0x080011f0                SystemInit
 .text.MX_USART2_UART_Init
                0x080011fc       0x54 ./Core/Src/usart.o
                0x080011fc                MX_USART2_UART_Init
 .text.HAL_UART_MspInit
                0x08001250       0x94 ./Core/Src/usart.o
                0x08001250                HAL_UART_MspInit
 .text.Reset_Handler
                0x080012e4       0x48 ./Core/Startup/startup_stm32f100rbtx.o
                0x080012e4                Reset_Handler
 .text.Default_Handler
                0x0800132c        0x2 ./Core/Startup/startup_stm32f100rbtx.o
                0x0800132c                RTC_Alarm_IRQHandler
                0x0800132c                TIM1_CC_IRQHandler
                0x0800132c                PVD_IRQHandler
                0x0800132c                TIM1_UP_TIM16_IRQHandler
                0x0800132c                SPI1_IRQHandler
                0x0800132c                TAMPER_IRQHandler
                0x0800132c                TIM6_DAC_IRQHandler
                0x0800132c                DMA1_Channel4_IRQHandler
                0x0800132c                ADC1_IRQHandler
                0x0800132c                USART3_IRQHandler
                0x0800132c                RTC_IRQHandler
                0x0800132c                DMA1_Channel7_IRQHandler
                0x0800132c                TIM4_IRQHandler
                0x0800132c                DMA1_Channel6_IRQHandler
                0x0800132c                TIM3_IRQHandler
                0x0800132c                RCC_IRQHandler
                0x0800132c                DMA1_Channel1_IRQHandler
                0x0800132c                Default_Handler
                0x0800132c                CEC_IRQHandler
                0x0800132c                EXTI15_10_IRQHandler
                0x0800132c                TIM7_IRQHandler
                0x0800132c                SPI2_IRQHandler
                0x0800132c                DMA1_Channel5_IRQHandler
                0x0800132c                TIM1_TRG_COM_TIM17_IRQHandler
                0x0800132c                DMA1_Channel3_IRQHandler
                0x0800132c                WWDG_IRQHandler
                0x0800132c                TIM2_IRQHandler
                0x0800132c                USART2_IRQHandler
                0x0800132c                DMA1_Channel2_IRQHandler
                0x0800132c                FLASH_IRQHandler
                0x0800132c                USART1_IRQHandler
                0x0800132c                TIM1_BRK_TIM15_IRQHandler
 .text.HAL_Init
                0x0800132e       0x1a ./Drivers/STM32F1xx_HAL_Driver/Src/stm32f1xx_hal.o
                0x0800132e                HAL_Init
 .text.HAL_InitTick
                0x08001348       0x60 ./Drivers/STM32F1xx_HAL_Driver/Src/stm32f1xx_hal.o
                0x08001348                HAL_InitTick
 .text.HAL_IncTick
                0x080013a8       0x24 ./Drivers/STM32F1xx_HAL_Driver/Src/stm32f1xx_hal.o
                0x080013a8                HAL_IncTick
 .text.HAL_GetTick
                0x080013cc       0x14 ./Drivers/STM32F1xx_HAL_Driver/Src/stm32f1xx_hal.o
                0x080013cc                HAL_GetTick
 .text.__NVIC_SetPriorityGrouping
                0x080013e0       0x48 ./Drivers/STM32F1xx_HAL_Driver/Src/stm32f1xx_hal_cortex.o
 .text.__NVIC_GetPriorityGrouping
                0x08001428       0x1c ./Drivers/STM32F1xx_HAL_Driver/Src/stm32f1xx_hal_cortex.o
 .text.__NVIC_EnableIRQ
                0x08001444       0x38 ./Drivers/STM32F1xx_HAL_Driver/Src/stm32f1xx_hal_cortex.o
 .text.__NVIC_DisableIRQ
                0x0800147c       0x48 ./Drivers/STM32F1xx_HAL_Driver/Src/stm32f1xx_hal_cortex.o
 .text.__NVIC_SetPriority
                0x080014c4       0x54 ./Drivers/STM32F1xx_HAL_Driver/Src/stm32f1xx_hal_cortex.o
 .text.NVIC_EncodePriority
                0x08001518       0x64 ./Drivers/STM32F1xx_HAL_Driver/Src/stm32f1xx_hal_cortex.o
 .text.SysTick_Config
                0x0800157c       0x44 ./Drivers/STM32F1xx_HAL_Driver/Src/stm32f1xx_hal_cortex.o
 .text.HAL_NVIC_SetPriorityGrouping
                0x080015c0       0x16 ./Drivers/STM32F1xx_HAL_Driver/Src/stm32f1xx_hal_cortex.o
                0x080015c0                HAL_NVIC_SetPriorityGrouping
 .text.HAL_NVIC_SetPriority
                0x080015d6       0x38 ./Drivers/STM32F1xx_HAL_Driver/Src/stm32f1xx_hal_cortex.o
                0x080015d6                HAL_NVIC_SetPriority
 .text.HAL_NVIC_EnableIRQ
                0x0800160e       0x1c ./Drivers/STM32F1xx_HAL_Driver/Src/stm32f1xx_hal_cortex.o
                0x0800160e                HAL_NVIC_EnableIRQ
 .text.HAL_NVIC_DisableIRQ
                0x0800162a       0x1c ./Drivers/STM32F1xx_HAL_Driver/Src/stm32f1xx_hal_cortex.o
                0x0800162a                HAL_NVIC_DisableIRQ
 .text.HAL_SYSTICK_Config
                0x08001646       0x18 ./Drivers/STM32F1xx_HAL_Driver/Src/stm32f1xx_hal_cortex.o
                0x08001646                HAL_SYSTICK_Config
 *fill*         0x0800165e        0x2 
 .text.HAL_DMA_Abort_IT
                0x08001660       0xf0 ./Drivers/STM32F1xx_HAL_Driver/Src/stm32f1xx_hal_dma.o
                0x08001660                HAL_DMA_Abort_IT
 .text.HAL_DMA_GetState
                0x08001750       0x1a ./Drivers/STM32F1xx_HAL_Driver/Src/stm32f1xx_hal_dma.o
                0x08001750                HAL_DMA_GetState
 *fill*         0x0800176a        0x2 
 .text.HAL_GPIO_Init
                0x0800176c      0x308 ./Drivers/STM32F1xx_HAL_Driver/Src/stm32f1xx_hal_gpio.o
                0x0800176c                HAL_GPIO_Init
 .text.HAL_GPIO_DeInit
                0x08001a74      0x178 ./Drivers/STM32F1xx_HAL_Driver/Src/stm32f1xx_hal_gpio.o
                0x08001a74                HAL_GPIO_DeInit
 .text.HAL_GPIO_WritePin
                0x08001bec       0x30 ./Drivers/STM32F1xx_HAL_Driver/Src/stm32f1xx_hal_gpio.o
                0x08001bec                HAL_GPIO_WritePin
 .text.HAL_GPIO_TogglePin
                0x08001c1c       0x32 ./Drivers/STM32F1xx_HAL_Driver/Src/stm32f1xx_hal_gpio.o
                0x08001c1c                HAL_GPIO_TogglePin
 *fill*         0x08001c4e        0x2 
 .text.HAL_GPIO_EXTI_IRQHandler
                0x08001c50       0x30 ./Drivers/STM32F1xx_HAL_Driver/Src/stm32f1xx_hal_gpio.o
                0x08001c50                HAL_GPIO_EXTI_IRQHandler
 .text.HAL_I2C_Init
                0x08001c80      0x288 ./Drivers/STM32F1xx_HAL_Driver/Src/stm32f1xx_hal_i2c.o
                0x08001c80                HAL_I2C_Init
 .text.HAL_I2C_DeInit
                0x08001f08       0x5e ./Drivers/STM32F1xx_HAL_Driver/Src/stm32f1xx_hal_i2c.o
                0x08001f08                HAL_I2C_DeInit
 .text.I2C_Flush_DR
                0x08001f66       0x28 ./Drivers/STM32F1xx_HAL_Driver/Src/stm32f1xx_hal_i2c.o
 *fill*         0x08001f8e        0x2 
 .text.HAL_I2C_Slave_Transmit_IT
                0x08001f90       0xdc ./Drivers/STM32F1xx_HAL_Driver/Src/stm32f1xx_hal_i2c.o
                0x08001f90                HAL_I2C_Slave_Transmit_IT
 .text.HAL_I2C_Slave_Receive_IT
                0x0800206c       0xdc ./Drivers/STM32F1xx_HAL_Driver/Src/stm32f1xx_hal_i2c.o
                0x0800206c                HAL_I2C_Slave_Receive_IT
 .text.HAL_I2C_EV_IRQHandler
                0x08002148      0x2e2 ./Drivers/STM32F1xx_HAL_Driver/Src/stm32f1xx_hal_i2c.o
                0x08002148                HAL_I2C_EV_IRQHandler
 .text.HAL_I2C_ER_IRQHandler
                0x0800242a      0x15e ./Drivers/STM32F1xx_HAL_Driver/Src/stm32f1xx_hal_i2c.o
                0x0800242a                HAL_I2C_ER_IRQHandler
 .text.HAL_I2C_MasterTxCpltCallback
                0x08002588       0x12 ./Drivers/STM32F1xx_HAL_Driver/Src/stm32f1xx_hal_i2c.o
                0x08002588                HAL_I2C_MasterTxCpltCallback
 .text.HAL_I2C_MasterRxCpltCallback
                0x0800259a       0x12 ./Drivers/STM32F1xx_HAL_Driver/Src/stm32f1xx_hal_i2c.o
                0x0800259a                HAL_I2C_MasterRxCpltCallback
 .text.HAL_I2C_AddrCallback
                0x080025ac       0x1a ./Drivers/STM32F1xx_HAL_Driver/Src/stm32f1xx_hal_i2c.o
                0x080025ac                HAL_I2C_AddrCallback
 .text.HAL_I2C_ListenCpltCallback
                0x080025c6       0x12 ./Drivers/STM32F1xx_HAL_Driver/Src/stm32f1xx_hal_i2c.o
                0x080025c6                HAL_I2C_ListenCpltCallback
 .text.HAL_I2C_MemTxCpltCallback
                0x080025d8       0x12 ./Drivers/STM32F1xx_HAL_Driver/Src/stm32f1xx_hal_i2c.o
                0x080025d8                HAL_I2C_MemTxCpltCallback
 .text.HAL_I2C_MemRxCpltCallback
                0x080025ea       0x12 ./Drivers/STM32F1xx_HAL_Driver/Src/stm32f1xx_hal_i2c.o
                0x080025ea                HAL_I2C_MemRxCpltCallback
 .text.HAL_I2C_ErrorCallback
                0x080025fc       0x12 ./Drivers/STM32F1xx_HAL_Driver/Src/stm32f1xx_hal_i2c.o
                0x080025fc                HAL_I2C_ErrorCallback
 .text.HAL_I2C_AbortCpltCallback
                0x0800260e       0x12 ./Drivers/STM32F1xx_HAL_Driver/Src/stm32f1xx_hal_i2c.o
                0x0800260e                HAL_I2C_AbortCpltCallback
 .text.I2C_MasterTransmit_TXE
                0x08002620      0x138 ./Drivers/STM32F1xx_HAL_Driver/Src/stm32f1xx_hal_i2c.o
 .text.I2C_MasterTransmit_BTF
                0x08002758       0xec ./Drivers/STM32F1xx_HAL_Driver/Src/stm32f1xx_hal_i2c.o
 .text.I2C_MemoryTransmit_TXE_BTF
                0x08002844      0x130 ./Drivers/STM32F1xx_HAL_Driver/Src/stm32f1xx_hal_i2c.o
 .text.I2C_MasterReceive_RXNE
                0x08002974      0x190 ./Drivers/STM32F1xx_HAL_Driver/Src/stm32f1xx_hal_i2c.o
 .text.I2C_MasterReceive_BTF
                0x08002b04      0x1e2 ./Drivers/STM32F1xx_HAL_Driver/Src/stm32f1xx_hal_i2c.o
 .text.I2C_Master_SB
                0x08002ce6      0x10a ./Drivers/STM32F1xx_HAL_Driver/Src/stm32f1xx_hal_i2c.o
 .text.I2C_Master_ADD10
                0x08002df0       0x52 ./Drivers/STM32F1xx_HAL_Driver/Src/stm32f1xx_hal_i2c.o
 .text.I2C_Master_ADDR
                0x08002e42      0x336 ./Drivers/STM32F1xx_HAL_Driver/Src/stm32f1xx_hal_i2c.o
 .text.I2C_SlaveTransmit_TXE
                0x08003178       0x7a ./Drivers/STM32F1xx_HAL_Driver/Src/stm32f1xx_hal_i2c.o
 .text.I2C_SlaveTransmit_BTF
                0x080031f2       0x40 ./Drivers/STM32F1xx_HAL_Driver/Src/stm32f1xx_hal_i2c.o
 .text.I2C_SlaveReceive_RXNE
                0x08003232       0x7c ./Drivers/STM32F1xx_HAL_Driver/Src/stm32f1xx_hal_i2c.o
 .text.I2C_SlaveReceive_BTF
                0x080032ae       0x42 ./Drivers/STM32F1xx_HAL_Driver/Src/stm32f1xx_hal_i2c.o
 .text.I2C_Slave_ADDR
                0x080032f0       0x94 ./Drivers/STM32F1xx_HAL_Driver/Src/stm32f1xx_hal_i2c.o
 .text.I2C_Slave_STOPF
                0x08003384      0x260 ./Drivers/STM32F1xx_HAL_Driver/Src/stm32f1xx_hal_i2c.o
 .text.I2C_Slave_AF
                0x080035e4       0xe8 ./Drivers/STM32F1xx_HAL_Driver/Src/stm32f1xx_hal_i2c.o
 .text.I2C_ITError
                0x080036cc      0x264 ./Drivers/STM32F1xx_HAL_Driver/Src/stm32f1xx_hal_i2c.o
 .text.I2C_DMAAbort
                0x08003930      0x150 ./Drivers/STM32F1xx_HAL_Driver/Src/stm32f1xx_hal_i2c.o
 .text.I2C_WaitOnSTOPRequestThroughIT
                0x08003a80       0x64 ./Drivers/STM32F1xx_HAL_Driver/Src/stm32f1xx_hal_i2c.o
 .text.I2C_ConvertOtherXferOptions
                0x08003ae4       0x34 ./Drivers/STM32F1xx_HAL_Driver/Src/stm32f1xx_hal_i2c.o
 .text.HAL_RCC_OscConfig
                0x08003b18      0x504 ./Drivers/STM32F1xx_HAL_Driver/Src/stm32f1xx_hal_rcc.o
                0x08003b18                HAL_RCC_OscConfig
 .text.HAL_RCC_ClockConfig
                0x0800401c      0x170 ./Drivers/STM32F1xx_HAL_Driver/Src/stm32f1xx_hal_rcc.o
                0x0800401c                HAL_RCC_ClockConfig
 .text.HAL_RCC_GetSysClockFreq
                0x0800418c       0xa4 ./Drivers/STM32F1xx_HAL_Driver/Src/stm32f1xx_hal_rcc.o
                0x0800418c                HAL_RCC_GetSysClockFreq
 .text.HAL_RCC_GetHCLKFreq
                0x08004230       0x14 ./Drivers/STM32F1xx_HAL_Driver/Src/stm32f1xx_hal_rcc.o
                0x08004230                HAL_RCC_GetHCLKFreq
 .text.HAL_RCC_GetPCLK1Freq
                0x08004244       0x28 ./Drivers/STM32F1xx_HAL_Driver/Src/stm32f1xx_hal_rcc.o
                0x08004244                HAL_RCC_GetPCLK1Freq
 .text.HAL_RCC_GetPCLK2Freq
                0x0800426c       0x28 ./Drivers/STM32F1xx_HAL_Driver/Src/stm32f1xx_hal_rcc.o
                0x0800426c                HAL_RCC_GetPCLK2Freq
 .text.RCC_Delay
                0x08004294       0x3c ./Drivers/STM32F1xx_HAL_Driver/Src/stm32f1xx_hal_rcc.o
 .text.HAL_UART_Init
                0x080042d0       0xa0 ./Drivers/STM32F1xx_HAL_Driver/Src/stm32f1xx_hal_uart.o
                0x080042d0                HAL_UART_Init
 .text.HAL_UART_Transmit
                0x08004370      0x116 ./Drivers/STM32F1xx_HAL_Driver/Src/stm32f1xx_hal_uart.o
                0x08004370                HAL_UART_Transmit
 .text.UART_WaitOnFlagUntilTimeout
                0x08004486       0xb2 ./Drivers/STM32F1xx_HAL_Driver/Src/stm32f1xx_hal_uart.o
 .text.UART_EndRxTransfer
                0x08004538       0xc4 ./Drivers/STM32F1xx_HAL_Driver/Src/stm32f1xx_hal_uart.o
 .text.UART_SetConfig
                0x080045fc      0x1c8 ./Drivers/STM32F1xx_HAL_Driver/Src/stm32f1xx_hal_uart.o
 .text.makeFreeRtosPriority
                0x080047c4       0x2e ./Middlewares/Third_Party/FreeRTOS/Source/CMSIS_RTOS/cmsis_os.o
 .text.osKernelStart
                0x080047f2        0xe ./Middlewares/Third_Party/FreeRTOS/Source/CMSIS_RTOS/cmsis_os.o
                0x080047f2                osKernelStart
 .text.osThreadCreate
                0x08004800       0x98 ./Middlewares/Third_Party/FreeRTOS/Source/CMSIS_RTOS/cmsis_os.o
                0x08004800                osThreadCreate
 .text.osDelay  0x08004898       0x28 ./Middlewares/Third_Party/FreeRTOS/Source/CMSIS_RTOS/cmsis_os.o
                0x08004898                osDelay
 .text.vListInitialise
                0x080048c0       0x3e ./Middlewares/Third_Party/FreeRTOS/Source/list.o
                0x080048c0                vListInitialise
 .text.vListInitialiseItem
                0x080048fe       0x18 ./Middlewares/Third_Party/FreeRTOS/Source/list.o
                0x080048fe                vListInitialiseItem
 .text.vListInsertEnd
                0x08004916       0x46 ./Middlewares/Third_Party/FreeRTOS/Source/list.o
                0x08004916                vListInsertEnd
 .text.vListInsert
                0x0800495c       0x70 ./Middlewares/Third_Party/FreeRTOS/Source/list.o
                0x0800495c                vListInsert
 .text.uxListRemove
                0x080049cc       0x52 ./Middlewares/Third_Party/FreeRTOS/Source/list.o
                0x080049cc                uxListRemove
 .text.xTaskCreateStatic
                0x08004a1e       0xc0 ./Middlewares/Third_Party/FreeRTOS/Source/tasks.o
                0x08004a1e                xTaskCreateStatic
 .text.xTaskCreate
                0x08004ade       0x8a ./Middlewares/Third_Party/FreeRTOS/Source/tasks.o
                0x08004ade                xTaskCreate
 .text.prvInitialiseNewTask
                0x08004b68      0x110 ./Middlewares/Third_Party/FreeRTOS/Source/tasks.o
 .text.prvAddNewTaskToReadyList
                0x08004c78       0xd4 ./Middlewares/Third_Party/FreeRTOS/Source/tasks.o
 .text.vTaskDelay
                0x08004d4c       0x6c ./Middlewares/Third_Party/FreeRTOS/Source/tasks.o
                0x08004d4c                vTaskDelay
 .text.vTaskStartScheduler
                0x08004db8       0xc4 ./Middlewares/Third_Party/FreeRTOS/Source/tasks.o
                0x08004db8                vTaskStartScheduler
 .text.vTaskSuspendAll
                0x08004e7c       0x1c ./Middlewares/Third_Party/FreeRTOS/Source/tasks.o
                0x08004e7c                vTaskSuspendAll
 .text.xTaskResumeAll
                0x08004e98      0x13c ./Middlewares/Third_Party/FreeRTOS/Source/tasks.o
                0x08004e98                xTaskResumeAll
 .text.xTaskIncrementTick
                0x08004fd4      0x174 ./Middlewares/Third_Party/FreeRTOS/Source/tasks.o
                0x08004fd4                xTaskIncrementTick
 .text.vTaskSwitchContext
                0x08005148       0xb8 ./Middlewares/Third_Party/FreeRTOS/Source/tasks.o
                0x08005148                vTaskSwitchContext
 .text.prvIdleTask
                0x08005200       0x30 ./Middlewares/Third_Party/FreeRTOS/Source/tasks.o
 .text.prvInitialiseTaskLists
                0x08005230       0x80 ./Middlewares/Third_Party/FreeRTOS/Source/tasks.o
 .text.prvCheckTasksWaitingTermination
                0x080052b0       0x5c ./Middlewares/Third_Party/FreeRTOS/Source/tasks.o
 .text.prvDeleteTCB
                0x0800530c       0x60 ./Middlewares/Third_Party/FreeRTOS/Source/tasks.o
 .text.prvResetNextTaskUnblockTime
                0x0800536c       0x40 ./Middlewares/Third_Party/FreeRTOS/Source/tasks.o
 .text.xTaskGetSchedulerState
                0x080053ac       0x3c ./Middlewares/Third_Party/FreeRTOS/Source/tasks.o
                0x080053ac                xTaskGetSchedulerState
 .text.xTaskNotifyWait
                0x080053e8       0xb4 ./Middlewares/Third_Party/FreeRTOS/Source/tasks.o
                0x080053e8                xTaskNotifyWait
 .text.xTaskGenericNotifyFromISR
                0x0800549c      0x1bc ./Middlewares/Third_Party/FreeRTOS/Source/tasks.o
                0x0800549c                xTaskGenericNotifyFromISR
 .text.prvAddCurrentTaskToDelayedList
                0x08005658       0xcc ./Middlewares/Third_Party/FreeRTOS/Source/tasks.o
 .text.pxPortInitialiseStack
                0x08005724       0x58 ./Middlewares/Third_Party/FreeRTOS/Source/portable/GCC/ARM_CM3/port.o
                0x08005724                pxPortInitialiseStack
 .text.prvTaskExitError
                0x0800577c       0x58 ./Middlewares/Third_Party/FreeRTOS/Source/portable/GCC/ARM_CM3/port.o
 *fill*         0x080057d4        0xc 
 .text.SVC_Handler
                0x080057e0       0x28 ./Middlewares/Third_Party/FreeRTOS/Source/portable/GCC/ARM_CM3/port.o
                0x080057e0                SVC_Handler
 .text.prvPortStartFirstTask
                0x08005808       0x20 ./Middlewares/Third_Party/FreeRTOS/Source/portable/GCC/ARM_CM3/port.o
 .text.xPortStartScheduler
                0x08005828       0xe4 ./Middlewares/Third_Party/FreeRTOS/Source/portable/GCC/ARM_CM3/port.o
                0x08005828                xPortStartScheduler
 .text.vPortEnterCritical
                0x0800590c       0x60 ./Middlewares/Third_Party/FreeRTOS/Source/portable/GCC/ARM_CM3/port.o
                0x0800590c                vPortEnterCritical
 .text.vPortExitCritical
                0x0800596c       0x54 ./Middlewares/Third_Party/FreeRTOS/Source/portable/GCC/ARM_CM3/port.o
                0x0800596c                vPortExitCritical
 .text.PendSV_Handler
                0x080059c0       0x48 ./Middlewares/Third_Party/FreeRTOS/Source/portable/GCC/ARM_CM3/port.o
                0x080059c0                PendSV_Handler
 .text.xPortSysTickHandler
                0x08005a08       0x44 ./Middlewares/Third_Party/FreeRTOS/Source/portable/GCC/ARM_CM3/port.o
                0x08005a08                xPortSysTickHandler
 .text.vPortSetupTimerInterrupt
                0x08005a4c       0x44 ./Middlewares/Third_Party/FreeRTOS/Source/portable/GCC/ARM_CM3/port.o
                0x08005a4c                vPortSetupTimerInterrupt
 .text.vPortValidateInterruptPriority
                0x08005a90       0x80 ./Middlewares/Third_Party/FreeRTOS/Source/portable/GCC/ARM_CM3/port.o
                0x08005a90                vPortValidateInterruptPriority
 .text.pvPortMalloc
                0x08005b10      0x19c ./Middlewares/Third_Party/FreeRTOS/Source/portable/MemMang/heap_4.o
                0x08005b10                pvPortMalloc
 .text.vPortFree
                0x08005cac       0xc8 ./Middlewares/Third_Party/FreeRTOS/Source/portable/MemMang/heap_4.o
                0x08005cac                vPortFree
 .text.prvHeapInit
                0x08005d74       0xc4 ./Middlewares/Third_Party/FreeRTOS/Source/portable/MemMang/heap_4.o
 .text.prvInsertBlockIntoFreeList
                0x08005e38       0xb0 ./Middlewares/Third_Party/FreeRTOS/Source/portable/MemMang/heap_4.o
 .text._vsnprintf_r
                0x08005ee8       0x5c C:/ST/STM32CubeIDE_1.19.0/STM32CubeIDE/plugins/com.st.stm32cube.ide.mcu.externaltools.gnu-tools-for-stm32.13.3.rel1.win32_1.0.0.202411081344/tools/bin/../lib/gcc/arm-none-eabi/13.3.1/../../../../arm-none-eabi/lib/thumb/v7-m/nofp\libc_nano.a(libc_a-vsnprintf.o)
                0x08005ee8                _vsniprintf_r
                0x08005ee8                _vsnprintf_r
 .text.vsnprintf
                0x08005f44       0x1c C:/ST/STM32CubeIDE_1.19.0/STM32CubeIDE/plugins/com.st.stm32cube.ide.mcu.externaltools.gnu-tools-for-stm32.13.3.rel1.win32_1.0.0.202411081344/tools/bin/../lib/gcc/arm-none-eabi/13.3.1/../../../../arm-none-eabi/lib/thumb/v7-m/nofp\libc_nano.a(libc_a-vsnprintf.o)
                0x08005f44                vsniprintf
                0x08005f44                vsnprintf
 .text.memset   0x08005f60       0x10 C:/ST/STM32CubeIDE_1.19.0/STM32CubeIDE/plugins/com.st.stm32cube.ide.mcu.externaltools.gnu-tools-for-stm32.13.3.rel1.win32_1.0.0.202411081344/tools/bin/../lib/gcc/arm-none-eabi/13.3.1/../../../../arm-none-eabi/lib/thumb/v7-m/nofp\libc_nano.a(libc_a-memset.o)
                0x08005f60                memset
 .text.__errno  0x08005f70        0xc C:/ST/STM32CubeIDE_1.19.0/STM32CubeIDE/plugins/com.st.stm32cube.ide.mcu.externaltools.gnu-tools-for-stm32.13.3.rel1.win32_1.0.0.202411081344/tools/bin/../lib/gcc/arm-none-eabi/13.3.1/../../../../arm-none-eabi/lib/thumb/v7-m/nofp\libc_nano.a(libc_a-errno.o)
                0x08005f70                __errno
 .text.__libc_init_array
                0x08005f7c       0x48 C:/ST/STM32CubeIDE_1.19.0/STM32CubeIDE/plugins/com.st.stm32cube.ide.mcu.externaltools.gnu-tools-for-stm32.13.3.rel1.win32_1.0.0.202411081344/tools/bin/../lib/gcc/arm-none-eabi/13.3.1/../../../../arm-none-eabi/lib/thumb/v7-m/nofp\libc_nano.a(libc_a-init.o)
                0x08005f7c                __libc_init_array
 .text.__retarget_lock_acquire_recursive
                0x08005fc4        0x2 C:/ST/STM32CubeIDE_1.19.0/STM32CubeIDE/plugins/com.st.stm32cube.ide.mcu.externaltools.gnu-tools-for-stm32.13.3.rel1.win32_1.0.0.202411081344/tools/bin/../lib/gcc/arm-none-eabi/13.3.1/../../../../arm-none-eabi/lib/thumb/v7-m/nofp\libc_nano.a(libc_a-lock.o)
                0x08005fc4                __retarget_lock_acquire_recursive
 .text.__retarget_lock_release_recursive
                0x08005fc6        0x2 C:/ST/STM32CubeIDE_1.19.0/STM32CubeIDE/plugins/com.st.stm32cube.ide.mcu.externaltools.gnu-tools-for-stm32.13.3.rel1.win32_1.0.0.202411081344/tools/bin/../lib/gcc/arm-none-eabi/13.3.1/../../../../arm-none-eabi/lib/thumb/v7-m/nofp\libc_nano.a(libc_a-lock.o)
                0x08005fc6                __retarget_lock_release_recursive
 .text.memcpy   0x08005fc8       0x1c C:/ST/STM32CubeIDE_1.19.0/STM32CubeIDE/plugins/com.st.stm32cube.ide.mcu.externaltools.gnu-tools-for-stm32.13.3.rel1.win32_1.0.0.202411081344/tools/bin/../lib/gcc/arm-none-eabi/13.3.1/../../../../arm-none-eabi/lib/thumb/v7-m/nofp\libc_nano.a(libc_a-memcpy-stub.o)
                0x08005fc8                memcpy
 .text._free_r  0x08005fe4       0x90 C:/ST/STM32CubeIDE_1.19.0/STM32CubeIDE/plugins/com.st.stm32cube.ide.mcu.externaltools.gnu-tools-for-stm32.13.3.rel1.win32_1.0.0.202411081344/tools/bin/../lib/gcc/arm-none-eabi/13.3.1/../../../../arm-none-eabi/lib/thumb/v7-m/nofp\libc_nano.a(libc_a-freer.o)
                0x08005fe4                _free_r
 .text.sbrk_aligned
                0x08006074       0x44 C:/ST/STM32CubeIDE_1.19.0/STM32CubeIDE/plugins/com.st.stm32cube.ide.mcu.externaltools.gnu-tools-for-stm32.13.3.rel1.win32_1.0.0.202411081344/tools/bin/../lib/gcc/arm-none-eabi/13.3.1/../../../../arm-none-eabi/lib/thumb/v7-m/nofp\libc_nano.a(libc_a-mallocr.o)
 .text._malloc_r
                0x080060b8      0x100 C:/ST/STM32CubeIDE_1.19.0/STM32CubeIDE/plugins/com.st.stm32cube.ide.mcu.externaltools.gnu-tools-for-stm32.13.3.rel1.win32_1.0.0.202411081344/tools/bin/../lib/gcc/arm-none-eabi/13.3.1/../../../../arm-none-eabi/lib/thumb/v7-m/nofp\libc_nano.a(libc_a-mallocr.o)
                0x080060b8                _malloc_r
 .text.__malloc_lock
                0x080061b8        0xc C:/ST/STM32CubeIDE_1.19.0/STM32CubeIDE/plugins/com.st.stm32cube.ide.mcu.externaltools.gnu-tools-for-stm32.13.3.rel1.win32_1.0.0.202411081344/tools/bin/../lib/gcc/arm-none-eabi/13.3.1/../../../../arm-none-eabi/lib/thumb/v7-m/nofp\libc_nano.a(libc_a-mlock.o)
                0x080061b8                __malloc_lock
 .text.__malloc_unlock
                0x080061c4        0xc C:/ST/STM32CubeIDE_1.19.0/STM32CubeIDE/plugins/com.st.stm32cube.ide.mcu.externaltools.gnu-tools-for-stm32.13.3.rel1.win32_1.0.0.202411081344/tools/bin/../lib/gcc/arm-none-eabi/13.3.1/../../../../arm-none-eabi/lib/thumb/v7-m/nofp\libc_nano.a(libc_a-mlock.o)
                0x080061c4                __malloc_unlock
 .text.__ssputs_r
                0x080061d0       0xb6 C:/ST/STM32CubeIDE_1.19.0/STM32CubeIDE/plugins/com.st.stm32cube.ide.mcu.externaltools.gnu-tools-for-stm32.13.3.rel1.win32_1.0.0.202411081344/tools/bin/../lib/gcc/arm-none-eabi/13.3.1/../../../../arm-none-eabi/lib/thumb/v7-m/nofp\libc_nano.a(libc_a-nano-svfprintf.o)
                0x080061d0                __ssputs_r
 *fill*         0x08006286        0x2 
 .text._svfprintf_r
                0x08006288      0x1f8 C:/ST/STM32CubeIDE_1.19.0/STM32CubeIDE/plugins/com.st.stm32cube.ide.mcu.externaltools.gnu-tools-for-stm32.13.3.rel1.win32_1.0.0.202411081344/tools/bin/../lib/gcc/arm-none-eabi/13.3.1/../../../../arm-none-eabi/lib/thumb/v7-m/nofp\libc_nano.a(libc_a-nano-svfprintf.o)
                0x08006288                _svfiprintf_r
                0x08006288                _svfprintf_r
 .text._printf_common
                0x08006480       0xe4 C:/ST/STM32CubeIDE_1.19.0/STM32CubeIDE/plugins/com.st.stm32cube.ide.mcu.externaltools.gnu-tools-for-stm32.13.3.rel1.win32_1.0.0.202411081344/tools/bin/../lib/gcc/arm-none-eabi/13.3.1/../../../../arm-none-eabi/lib/thumb/v7-m/nofp\libc_nano.a(libc_a-nano-vfprintf_i.o)
                0x08006480                _printf_common
 .text._printf_i
                0x08006564      0x23c C:/ST/STM32CubeIDE_1.19.0/STM32CubeIDE/plugins/com.st.stm32cube.ide.mcu.externaltools.gnu-tools-for-stm32.13.3.rel1.win32_1.0.0.202411081344/tools/bin/../lib/gcc/arm-none-eabi/13.3.1/../../../../arm-none-eabi/lib/thumb/v7-m/nofp\libc_nano.a(libc_a-nano-vfprintf_i.o)
                0x08006564                _printf_i
 .text.memmove  0x080067a0       0x34 C:/ST/STM32CubeIDE_1.19.0/STM32CubeIDE/plugins/com.st.stm32cube.ide.mcu.externaltools.gnu-tools-for-stm32.13.3.rel1.win32_1.0.0.202411081344/tools/bin/../lib/gcc/arm-none-eabi/13.3.1/../../../../arm-none-eabi/lib/thumb/v7-m/nofp\libc_nano.a(libc_a-memmove.o)
                0x080067a0                memmove
 .text._sbrk_r  0x080067d4       0x20 C:/ST/STM32CubeIDE_1.19.0/STM32CubeIDE/plugins/com.st.stm32cube.ide.mcu.externaltools.gnu-tools-for-stm32.13.3.rel1.win32_1.0.0.202411081344/tools/bin/../lib/gcc/arm-none-eabi/13.3.1/../../../../arm-none-eabi/lib/thumb/v7-m/nofp\libc_nano.a(libc_a-sbrkr.o)
                0x080067d4                _sbrk_r
 .text.memchr   0x080067f4       0x1c C:/ST/STM32CubeIDE_1.19.0/STM32CubeIDE/plugins/com.st.stm32cube.ide.mcu.externaltools.gnu-tools-for-stm32.13.3.rel1.win32_1.0.0.202411081344/tools/bin/../lib/gcc/arm-none-eabi/13.3.1/../../../../arm-none-eabi/lib/thumb/v7-m/nofp\libc_nano.a(libc_a-memchr-stub.o)
                0x080067f4                memchr
 .text._realloc_r
                0x08006810       0x5c C:/ST/STM32CubeIDE_1.19.0/STM32CubeIDE/plugins/com.st.stm32cube.ide.mcu.externaltools.gnu-tools-for-stm32.13.3.rel1.win32_1.0.0.202411081344/tools/bin/../lib/gcc/arm-none-eabi/13.3.1/../../../../arm-none-eabi/lib/thumb/v7-m/nofp\libc_nano.a(libc_a-reallocr.o)
                0x08006810                _realloc_r
 .text._malloc_usable_size_r
                0x0800686c       0x10 C:/ST/STM32CubeIDE_1.19.0/STM32CubeIDE/plugins/com.st.stm32cube.ide.mcu.externaltools.gnu-tools-for-stm32.13.3.rel1.win32_1.0.0.202411081344/tools/bin/../lib/gcc/arm-none-eabi/13.3.1/../../../../arm-none-eabi/lib/thumb/v7-m/nofp\libc_nano.a(libc_a-msizer.o)
                0x0800686c                _malloc_usable_size_r
 *(.glue_7)
 .glue_7        0x0800687c        0x0 linker stubs
 *(.glue_7t)
 .glue_7t       0x0800687c        0x0 linker stubs
 *(.eh_frame)
 .eh_frame      0x0800687c        0x0 C:/ST/STM32CubeIDE_1.19.0/STM32CubeIDE/plugins/com.st.stm32cube.ide.mcu.externaltools.gnu-tools-for-stm32.13.3.rel1.win32_1.0.0.202411081344/tools/bin/../lib/gcc/arm-none-eabi/13.3.1/thumb/v7-m/nofp/crtbegin.o
 *(.init)
 .init          0x0800687c        0x4 C:/ST/STM32CubeIDE_1.19.0/STM32CubeIDE/plugins/com.st.stm32cube.ide.mcu.externaltools.gnu-tools-for-stm32.13.3.rel1.win32_1.0.0.202411081344/tools/bin/../lib/gcc/arm-none-eabi/13.3.1/thumb/v7-m/nofp/crti.o
                0x0800687c                _init
 .init          0x08006880        0x8 C:/ST/STM32CubeIDE_1.19.0/STM32CubeIDE/plugins/com.st.stm32cube.ide.mcu.externaltools.gnu-tools-for-stm32.13.3.rel1.win32_1.0.0.202411081344/tools/bin/../lib/gcc/arm-none-eabi/13.3.1/thumb/v7-m/nofp/crtn.o
 *(.fini)
 .fini          0x08006888        0x4 C:/ST/STM32CubeIDE_1.19.0/STM32CubeIDE/plugins/com.st.stm32cube.ide.mcu.externaltools.gnu-tools-for-stm32.13.3.rel1.win32_1.0.0.202411081344/tools/bin/../lib/gcc/arm-none-eabi/13.3.1/thumb/v7-m/nofp/crti.o
                0x08006888                _fini
 .fini          0x0800688c        0x8 C:/ST/STM32CubeIDE_1.19.0/STM32CubeIDE/plugins/com.st.stm32cube.ide.mcu.externaltools.gnu-tools-for-stm32.13.3.rel1.win32_1.0.0.202411081344/tools/bin/../lib/gcc/arm-none-eabi/13.3.1/thumb/v7-m/nofp/crtn.o
                0x08006894                        . = ALIGN (0x4)
                0x08006894                        _etext = .

.vfp11_veneer   0x08006894        0x0
 .vfp11_veneer  0x08006894        0x0 linker stubs

.v4_bx          0x08006894        0x0
 .v4_bx         0x08006894        0x0 linker stubs

.iplt           0x08006894        0x0
 .iplt          0x08006894        0x0 C:/ST/STM32CubeIDE_1.19.0/STM32CubeIDE/plugins/com.st.stm32cube.ide.mcu.externaltools.gnu-tools-for-stm32.13.3.rel1.win32_1.0.0.202411081344/tools/bin/../lib/gcc/arm-none-eabi/13.3.1/thumb/v7-m/nofp/crtbegin.o

.rodata         0x08006894      0x1bc
                0x08006894                        . = ALIGN (0x4)
 *(.rodata)
 .rodata        0x08006894       0xd5 ./Core/Src/freertos.o
 *fill*         0x08006969        0x3 
 .rodata        0x0800696c        0x5 ./Middlewares/Third_Party/FreeRTOS/Source/tasks.o
 *(.rodata*)
 *fill*         0x08006971        0x1 
 .rodata.generated_points_count
                0x08006972        0x2 ./Core/Src/generated_points.o
                0x08006972                generated_points_count
 .rodata.special_messages
                0x08006974       0x6f ./Core/Src/sensor_message.o
                0x08006974                special_messages
 *fill*         0x080069e3        0x1 
 .rodata.AHBPrescTable
                0x080069e4       0x10 ./Core/Src/system_stm32f1xx.o
                0x080069e4                AHBPrescTable
 .rodata.APBPrescTable
                0x080069f4        0x8 ./Core/Src/system_stm32f1xx.o
                0x080069f4                APBPrescTable
 .rodata.aPLLMULFactorTable.1
                0x080069fc       0x10 ./Drivers/STM32F1xx_HAL_Driver/Src/stm32f1xx_hal_rcc.o
 .rodata.aPredivFactorTable.0
                0x08006a0c       0x10 ./Drivers/STM32F1xx_HAL_Driver/Src/stm32f1xx_hal_rcc.o
 .rodata._svfprintf_r.str1.1
                0x08006a1c       0x33 C:/ST/STM32CubeIDE_1.19.0/STM32CubeIDE/plugins/com.st.stm32cube.ide.mcu.externaltools.gnu-tools-for-stm32.13.3.rel1.win32_1.0.0.202411081344/tools/bin/../lib/gcc/arm-none-eabi/13.3.1/../../../../arm-none-eabi/lib/thumb/v7-m/nofp\libc_nano.a(libc_a-nano-svfprintf.o)
                                 0x11 (size before relaxing)
 .rodata._printf_i.str1.1
                0x08006a4f       0x22 C:/ST/STM32CubeIDE_1.19.0/STM32CubeIDE/plugins/com.st.stm32cube.ide.mcu.externaltools.gnu-tools-for-stm32.13.3.rel1.win32_1.0.0.202411081344/tools/bin/../lib/gcc/arm-none-eabi/13.3.1/../../../../arm-none-eabi/lib/thumb/v7-m/nofp\libc_nano.a(libc_a-nano-vfprintf_i.o)
                0x08006a74                        . = ALIGN (0x4)
 *fill*         0x08006a4f        0x1 

.ARM.extab      0x08006a50        0x0
                0x08006a50                        . = ALIGN (0x4)
 *(.ARM.extab* .gnu.linkonce.armextab.*)
                0x08006a50                        . = ALIGN (0x4)

.ARM            0x08006a50        0x8
                0x08006a50                        . = ALIGN (0x4)
                0x08006a50                        __exidx_start = .
 *(.ARM.exidx*)
 .ARM.exidx     0x08006a50        0x8 C:/ST/STM32CubeIDE_1.19.0/STM32CubeIDE/plugins/com.st.stm32cube.ide.mcu.externaltools.gnu-tools-for-stm32.13.3.rel1.win32_1.0.0.202411081344/tools/bin/../lib/gcc/arm-none-eabi/13.3.1/../../../../arm-none-eabi/lib/thumb/v7-m/nofp\libc_nano.a(libc_a-strlen.o)
                0x08006a58                        __exidx_end = .
                0x08006a58                        . = ALIGN (0x4)

.preinit_array  0x08006a58        0x0
                0x08006a58                        . = ALIGN (0x4)
                0x08006a58                        PROVIDE (__preinit_array_start = .)
 *(.preinit_array*)
                0x08006a58                        PROVIDE (__preinit_array_end = .)
                0x08006a58                        . = ALIGN (0x4)

.init_array     0x08006a58        0x4
                0x08006a58                        . = ALIGN (0x4)
                0x08006a58                        PROVIDE (__init_array_start = .)
 *(SORT_BY_NAME(.init_array.*))
 *(.init_array*)
 .init_array    0x08006a58        0x4 C:/ST/STM32CubeIDE_1.19.0/STM32CubeIDE/plugins/com.st.stm32cube.ide.mcu.externaltools.gnu-tools-for-stm32.13.3.rel1.win32_1.0.0.202411081344/tools/bin/../lib/gcc/arm-none-eabi/13.3.1/thumb/v7-m/nofp/crtbegin.o
                0x08006a5c                        PROVIDE (__init_array_end = .)
                0x08006a5c                        . = ALIGN (0x4)

.fini_array     0x08006a5c        0x4
                0x08006a5c                        . = ALIGN (0x4)
                [!provide]                        PROVIDE (__fini_array_start = .)
 *(SORT_BY_NAME(.fini_array.*))
 *(.fini_array*)
 .fini_array    0x08006a5c        0x4 C:/ST/STM32CubeIDE_1.19.0/STM32CubeIDE/plugins/com.st.stm32cube.ide.mcu.externaltools.gnu-tools-for-stm32.13.3.rel1.win32_1.0.0.202411081344/tools/bin/../lib/gcc/arm-none-eabi/13.3.1/thumb/v7-m/nofp/crtbegin.o
                [!provide]                        PROVIDE (__fini_array_end = .)
                0x08006a60                        . = ALIGN (0x4)
                0x08006a60                        _sidata = LOADADDR (.data)

.rel.dyn        0x08006a60        0x0
 .rel.iplt      0x08006a60        0x0 C:/ST/STM32CubeIDE_1.19.0/STM32CubeIDE/plugins/com.st.stm32cube.ide.mcu.externaltools.gnu-tools-for-stm32.13.3.rel1.win32_1.0.0.202411081344/tools/bin/../lib/gcc/arm-none-eabi/13.3.1/thumb/v7-m/nofp/crtbegin.o

.data           0x20000000       0x78 load address 0x08006a60
                0x20000000                        . = ALIGN (0x4)
                0x20000000                        _sdata = .
 *(.data)
 *(.data*)
 .data.generated_points
                0x20000000        0xc ./Core/Src/generated_points.o
                0x20000000                generated_points
 .data.buffer_tx_end
                0x2000000c        0x3 ./Core/Src/sensor_message.o
                0x2000000c                buffer_tx_end
 *fill*         0x2000000f        0x1 
 .data.buffer_tx
                0x20000010        0x4 ./Core/Src/sensor_message.o
                0x20000010                buffer_tx
 .data.step     0x20000014        0x1 ./Core/Src/sensor_message.o
                0x20000014                step
 *fill*         0x20000015        0x3 
 .data.SystemCoreClock
                0x20000018        0x4 ./Core/Src/system_stm32f1xx.o
                0x20000018                SystemCoreClock
 .data.uwTickPrio
                0x2000001c        0x4 ./Drivers/STM32F1xx_HAL_Driver/Src/stm32f1xx_hal.o
                0x2000001c                uwTickPrio
 .data.uwTickFreq
                0x20000020        0x1 ./Drivers/STM32F1xx_HAL_Driver/Src/stm32f1xx_hal.o
                0x20000020                uwTickFreq
 *fill*         0x20000021        0x3 
 .data.uxCriticalNesting
                0x20000024        0x4 ./Middlewares/Third_Party/FreeRTOS/Source/portable/GCC/ARM_CM3/port.o
 .data._impure_ptr
                0x20000028        0x4 C:/ST/STM32CubeIDE_1.19.0/STM32CubeIDE/plugins/com.st.stm32cube.ide.mcu.externaltools.gnu-tools-for-stm32.13.3.rel1.win32_1.0.0.202411081344/tools/bin/../lib/gcc/arm-none-eabi/13.3.1/../../../../arm-none-eabi/lib/thumb/v7-m/nofp\libc_nano.a(libc_a-impure.o)
                0x20000028                _impure_ptr
 .data._impure_data
                0x2000002c       0x4c C:/ST/STM32CubeIDE_1.19.0/STM32CubeIDE/plugins/com.st.stm32cube.ide.mcu.externaltools.gnu-tools-for-stm32.13.3.rel1.win32_1.0.0.202411081344/tools/bin/../lib/gcc/arm-none-eabi/13.3.1/../../../../arm-none-eabi/lib/thumb/v7-m/nofp\libc_nano.a(libc_a-impure.o)
                0x2000002c                _impure_data
 *(.RamFunc)
 *(.RamFunc*)
                0x20000078                        . = ALIGN (0x4)
                0x20000078                        _edata = .

.igot.plt       0x20000078        0x0 load address 0x08006ad8
 .igot.plt      0x20000078        0x0 C:/ST/STM32CubeIDE_1.19.0/STM32CubeIDE/plugins/com.st.stm32cube.ide.mcu.externaltools.gnu-tools-for-stm32.13.3.rel1.win32_1.0.0.202411081344/tools/bin/../lib/gcc/arm-none-eabi/13.3.1/thumb/v7-m/nofp/crtbegin.o
                0x20000078                        . = ALIGN (0x4)

.bss            0x20000078     0x11e4 load address 0x08006ad8
                0x20000078                        _sbss = .
                0x20000078                        __bss_start__ = _sbss
 *(.bss)
 .bss           0x20000078       0x1c C:/ST/STM32CubeIDE_1.19.0/STM32CubeIDE/plugins/com.st.stm32cube.ide.mcu.externaltools.gnu-tools-for-stm32.13.3.rel1.win32_1.0.0.202411081344/tools/bin/../lib/gcc/arm-none-eabi/13.3.1/thumb/v7-m/nofp/crtbegin.o
 *(.bss*)
 .bss.xI2C_TaskHandle
                0x20000094        0x4 ./Core/Src/freertos.o
                0x20000094                xI2C_TaskHandle
 .bss.defaultTaskHandle
                0x20000098        0x4 ./Core/Src/freertos.o
                0x20000098                defaultTaskHandle
 .bss.I2C_TaskHandle
                0x2000009c        0x4 ./Core/Src/freertos.o
                0x2000009c                I2C_TaskHandle
 .bss.xIdleTaskTCBBuffer
                0x200000a0       0x54 ./Core/Src/freertos.o
 .bss.xIdleStack
                0x200000f4      0x200 ./Core/Src/freertos.o
 .bss.selected_point_index
                0x200002f4        0x1 ./Core/Src/generated_points.o
                0x200002f4                selected_point_index
 *fill*         0x200002f5        0x3 
 .bss.hi2c1     0x200002f8       0x54 ./Core/Src/i2c.o
                0x200002f8                hi2c1
 .bss.last_tick_change_status
                0x2000034c        0x4 ./Core/Src/main.o
 .bss.last_tick_spe_select
                0x20000350        0x4 ./Core/Src/main.o
 .bss.last_tick_spe_validate
                0x20000354        0x4 ./Core/Src/main.o
 .bss.last_tick_next
                0x20000358        0x4 ./Core/Src/main.o
 .bss.last_tick_prev
                0x2000035c        0x4 ./Core/Src/main.o
 .bss.last_tick_reset_all
                0x20000360        0x4 ./Core/Src/main.o
 .bss.rxCmd     0x20000364        0x2 ./Core/Src/sensor_message.o
                0x20000364                rxCmd
 *fill*         0x20000366        0x2 
 .bss.tx_0      0x20000368        0x3 ./Core/Src/sensor_message.o
                0x20000368                tx_0
 .bss.i2c_err_flag
                0x2000036b        0x1 ./Core/Src/sensor_message.o
                0x2000036b                i2c_err_flag
 .bss.special_message_pending
                0x2000036c        0x1 ./Core/Src/sensor_message.o
                0x2000036c                special_message_pending
 .bss.current_tx_index
                0x2000036d        0x1 ./Core/Src/sensor_message.o
                0x2000036d                current_tx_index
 .bss.selected_special_message_index
                0x2000036e        0x1 ./Core/Src/sensor_message.o
                0x2000036e                selected_special_message_index
 *fill*         0x2000036f        0x1 
 .bss.__sbrk_heap_end
                0x20000370        0x4 ./Core/Src/sysmem.o
 .bss.huart2    0x20000374       0x48 ./Core/Src/usart.o
                0x20000374                huart2
 .bss.uwTick    0x200003bc        0x4 ./Drivers/STM32F1xx_HAL_Driver/Src/stm32f1xx_hal.o
                0x200003bc                uwTick
 .bss.pxCurrentTCB
                0x200003c0        0x4 ./Middlewares/Third_Party/FreeRTOS/Source/tasks.o
                0x200003c0                pxCurrentTCB
 .bss.pxReadyTasksLists
                0x200003c4       0x8c ./Middlewares/Third_Party/FreeRTOS/Source/tasks.o
 .bss.xDelayedTaskList1
                0x20000450       0x14 ./Middlewares/Third_Party/FreeRTOS/Source/tasks.o
 .bss.xDelayedTaskList2
                0x20000464       0x14 ./Middlewares/Third_Party/FreeRTOS/Source/tasks.o
 .bss.pxDelayedTaskList
                0x20000478        0x4 ./Middlewares/Third_Party/FreeRTOS/Source/tasks.o
 .bss.pxOverflowDelayedTaskList
                0x2000047c        0x4 ./Middlewares/Third_Party/FreeRTOS/Source/tasks.o
 .bss.xPendingReadyList
                0x20000480       0x14 ./Middlewares/Third_Party/FreeRTOS/Source/tasks.o
 .bss.xTasksWaitingTermination
                0x20000494       0x14 ./Middlewares/Third_Party/FreeRTOS/Source/tasks.o
 .bss.uxDeletedTasksWaitingCleanUp
                0x200004a8        0x4 ./Middlewares/Third_Party/FreeRTOS/Source/tasks.o
 .bss.xSuspendedTaskList
                0x200004ac       0x14 ./Middlewares/Third_Party/FreeRTOS/Source/tasks.o
 .bss.uxCurrentNumberOfTasks
                0x200004c0        0x4 ./Middlewares/Third_Party/FreeRTOS/Source/tasks.o
 .bss.xTickCount
                0x200004c4        0x4 ./Middlewares/Third_Party/FreeRTOS/Source/tasks.o
 .bss.uxTopReadyPriority
                0x200004c8        0x4 ./Middlewares/Third_Party/FreeRTOS/Source/tasks.o
 .bss.xSchedulerRunning
                0x200004cc        0x4 ./Middlewares/Third_Party/FreeRTOS/Source/tasks.o
 .bss.xPendedTicks
                0x200004d0        0x4 ./Middlewares/Third_Party/FreeRTOS/Source/tasks.o
 .bss.xYieldPending
                0x200004d4        0x4 ./Middlewares/Third_Party/FreeRTOS/Source/tasks.o
 .bss.xNumOfOverflows
                0x200004d8        0x4 ./Middlewares/Third_Party/FreeRTOS/Source/tasks.o
 .bss.uxTaskNumber
                0x200004dc        0x4 ./Middlewares/Third_Party/FreeRTOS/Source/tasks.o
 .bss.xNextTaskUnblockTime
                0x200004e0        0x4 ./Middlewares/Third_Party/FreeRTOS/Source/tasks.o
 .bss.xIdleTaskHandle
                0x200004e4        0x4 ./Middlewares/Third_Party/FreeRTOS/Source/tasks.o
 .bss.uxSchedulerSuspended
                0x200004e8        0x4 ./Middlewares/Third_Party/FreeRTOS/Source/tasks.o
 .bss.ucMaxSysCallPriority
                0x200004ec        0x1 ./Middlewares/Third_Party/FreeRTOS/Source/portable/GCC/ARM_CM3/port.o
 *fill*         0x200004ed        0x3 
 .bss.ulMaxPRIGROUPValue
                0x200004f0        0x4 ./Middlewares/Third_Party/FreeRTOS/Source/portable/GCC/ARM_CM3/port.o
 .bss.ucHeap    0x200004f4      0xc00 ./Middlewares/Third_Party/FreeRTOS/Source/portable/MemMang/heap_4.o
 .bss.xStart    0x200010f4        0x8 ./Middlewares/Third_Party/FreeRTOS/Source/portable/MemMang/heap_4.o
 .bss.pxEnd     0x200010fc        0x4 ./Middlewares/Third_Party/FreeRTOS/Source/portable/MemMang/heap_4.o
 .bss.xFreeBytesRemaining
                0x20001100        0x4 ./Middlewares/Third_Party/FreeRTOS/Source/portable/MemMang/heap_4.o
 .bss.xMinimumEverFreeBytesRemaining
                0x20001104        0x4 ./Middlewares/Third_Party/FreeRTOS/Source/portable/MemMang/heap_4.o
 .bss.xNumberOfSuccessfulAllocations
                0x20001108        0x4 ./Middlewares/Third_Party/FreeRTOS/Source/portable/MemMang/heap_4.o
 .bss.xNumberOfSuccessfulFrees
                0x2000110c        0x4 ./Middlewares/Third_Party/FreeRTOS/Source/portable/MemMang/heap_4.o
 .bss.xBlockAllocatedBit
                0x20001110        0x4 ./Middlewares/Third_Party/FreeRTOS/Source/portable/MemMang/heap_4.o
 .bss.__sf      0x20001114      0x138 C:/ST/STM32CubeIDE_1.19.0/STM32CubeIDE/plugins/com.st.stm32cube.ide.mcu.externaltools.gnu-tools-for-stm32.13.3.rel1.win32_1.0.0.202411081344/tools/bin/../lib/gcc/arm-none-eabi/13.3.1/../../../../arm-none-eabi/lib/thumb/v7-m/nofp\libc_nano.a(libc_a-findfp.o)
                0x20001114                __sf
 .bss.errno     0x2000124c        0x4 C:/ST/STM32CubeIDE_1.19.0/STM32CubeIDE/plugins/com.st.stm32cube.ide.mcu.externaltools.gnu-tools-for-stm32.13.3.rel1.win32_1.0.0.202411081344/tools/bin/../lib/gcc/arm-none-eabi/13.3.1/../../../../arm-none-eabi/lib/thumb/v7-m/nofp\libc_nano.a(libc_a-reent.o)
                0x2000124c                errno
 .bss.__lock___malloc_recursive_mutex
                0x20001250        0x1 C:/ST/STM32CubeIDE_1.19.0/STM32CubeIDE/plugins/com.st.stm32cube.ide.mcu.externaltools.gnu-tools-for-stm32.13.3.rel1.win32_1.0.0.202411081344/tools/bin/../lib/gcc/arm-none-eabi/13.3.1/../../../../arm-none-eabi/lib/thumb/v7-m/nofp\libc_nano.a(libc_a-lock.o)
                0x20001250                __lock___malloc_recursive_mutex
 *fill*         0x20001251        0x3 
 .bss.__malloc_sbrk_start
                0x20001254        0x4 C:/ST/STM32CubeIDE_1.19.0/STM32CubeIDE/plugins/com.st.stm32cube.ide.mcu.externaltools.gnu-tools-for-stm32.13.3.rel1.win32_1.0.0.202411081344/tools/bin/../lib/gcc/arm-none-eabi/13.3.1/../../../../arm-none-eabi/lib/thumb/v7-m/nofp\libc_nano.a(libc_a-mallocr.o)
                0x20001254                __malloc_sbrk_start
 .bss.__malloc_free_list
                0x20001258        0x4 C:/ST/STM32CubeIDE_1.19.0/STM32CubeIDE/plugins/com.st.stm32cube.ide.mcu.externaltools.gnu-tools-for-stm32.13.3.rel1.win32_1.0.0.202411081344/tools/bin/../lib/gcc/arm-none-eabi/13.3.1/../../../../arm-none-eabi/lib/thumb/v7-m/nofp\libc_nano.a(libc_a-mallocr.o)
                0x20001258                __malloc_free_list
 *(COMMON)
                0x2000125c                        . = ALIGN (0x4)
                0x2000125c                        _ebss = .
                0x2000125c                        __bss_end__ = _ebss

._user_heap_stack
                0x2000125c      0x604 load address 0x08006ad8
                0x20001260                        . = ALIGN (0x8)
 *fill*         0x2000125c        0x4 
                [!provide]                        PROVIDE (end = .)
                0x20001260                        PROVIDE (_end = .)
                0x20001460                        . = (. + _Min_Heap_Size)
 *fill*         0x20001260      0x200 
                0x20001860                        . = (. + _Min_Stack_Size)
 *fill*         0x20001460      0x400 
                0x20001860                        . = ALIGN (0x8)

/DISCARD/
 libc.a(*)
 libm.a(*)
 libgcc.a(*)

.ARM.attributes
                0x00000000       0x29
 *(.ARM.attributes)
 .ARM.attributes
                0x00000000       0x1d C:/ST/STM32CubeIDE_1.19.0/STM32CubeIDE/plugins/com.st.stm32cube.ide.mcu.externaltools.gnu-tools-for-stm32.13.3.rel1.win32_1.0.0.202411081344/tools/bin/../lib/gcc/arm-none-eabi/13.3.1/thumb/v7-m/nofp/crti.o
 .ARM.attributes
                0x0000001d       0x2d C:/ST/STM32CubeIDE_1.19.0/STM32CubeIDE/plugins/com.st.stm32cube.ide.mcu.externaltools.gnu-tools-for-stm32.13.3.rel1.win32_1.0.0.202411081344/tools/bin/../lib/gcc/arm-none-eabi/13.3.1/thumb/v7-m/nofp/crtbegin.o
 .ARM.attributes
                0x0000004a       0x2d ./Core/Src/freertos.o
 .ARM.attributes
                0x00000077       0x2d ./Core/Src/functions.o
 .ARM.attributes
                0x000000a4       0x2d ./Core/Src/generated_points.o
 .ARM.attributes
                0x000000d1       0x2d ./Core/Src/gpio.o
 .ARM.attributes
                0x000000fe       0x2d ./Core/Src/i2c.o
 .ARM.attributes
                0x0000012b       0x2d ./Core/Src/main.o
 .ARM.attributes
                0x00000158       0x2d ./Core/Src/sensor_message.o
 .ARM.attributes
                0x00000185       0x2d ./Core/Src/stm32f1xx_hal_msp.o
 .ARM.attributes
                0x000001b2       0x2d ./Core/Src/stm32f1xx_it.o
 .ARM.attributes
                0x000001df       0x2d ./Core/Src/sysmem.o
 .ARM.attributes
                0x0000020c       0x2d ./Core/Src/system_stm32f1xx.o
 .ARM.attributes
                0x00000239       0x2d ./Core/Src/usart.o
 .ARM.attributes
                0x00000266       0x21 ./Core/Startup/startup_stm32f100rbtx.o
 .ARM.attributes
                0x00000287       0x2d ./Drivers/STM32F1xx_HAL_Driver/Src/stm32f1xx_hal.o
 .ARM.attributes
                0x000002b4       0x2d ./Drivers/STM32F1xx_HAL_Driver/Src/stm32f1xx_hal_cortex.o
 .ARM.attributes
                0x000002e1       0x2d ./Drivers/STM32F1xx_HAL_Driver/Src/stm32f1xx_hal_dma.o
 .ARM.attributes
                0x0000030e       0x2d ./Drivers/STM32F1xx_HAL_Driver/Src/stm32f1xx_hal_gpio.o
 .ARM.attributes
                0x0000033b       0x2d ./Drivers/STM32F1xx_HAL_Driver/Src/stm32f1xx_hal_i2c.o
 .ARM.attributes
                0x00000368       0x2d ./Drivers/STM32F1xx_HAL_Driver/Src/stm32f1xx_hal_rcc.o
 .ARM.attributes
                0x00000395       0x2d ./Drivers/STM32F1xx_HAL_Driver/Src/stm32f1xx_hal_uart.o
 .ARM.attributes
                0x000003c2       0x2d ./Middlewares/Third_Party/FreeRTOS/Source/CMSIS_RTOS/cmsis_os.o
 .ARM.attributes
                0x000003ef       0x2d ./Middlewares/Third_Party/FreeRTOS/Source/list.o
 .ARM.attributes
                0x0000041c       0x2d ./Middlewares/Third_Party/FreeRTOS/Source/tasks.o
 .ARM.attributes
                0x00000449       0x2d ./Middlewares/Third_Party/FreeRTOS/Source/portable/GCC/ARM_CM3/port.o
 .ARM.attributes
                0x00000476       0x2d ./Middlewares/Third_Party/FreeRTOS/Source/portable/MemMang/heap_4.o
 .ARM.attributes
                0x000004a3       0x2d C:/ST/STM32CubeIDE_1.19.0/STM32CubeIDE/plugins/com.st.stm32cube.ide.mcu.externaltools.gnu-tools-for-stm32.13.3.rel1.win32_1.0.0.202411081344/tools/bin/../lib/gcc/arm-none-eabi/13.3.1/../../../../arm-none-eabi/lib/thumb/v7-m/nofp\libc_nano.a(libc_a-findfp.o)
 .ARM.attributes
                0x000004d0       0x2d C:/ST/STM32CubeIDE_1.19.0/STM32CubeIDE/plugins/com.st.stm32cube.ide.mcu.externaltools.gnu-tools-for-stm32.13.3.rel1.win32_1.0.0.202411081344/tools/bin/../lib/gcc/arm-none-eabi/13.3.1/../../../../arm-none-eabi/lib/thumb/v7-m/nofp\libc_nano.a(libc_a-vsnprintf.o)
 .ARM.attributes
                0x000004fd       0x2d C:/ST/STM32CubeIDE_1.19.0/STM32CubeIDE/plugins/com.st.stm32cube.ide.mcu.externaltools.gnu-tools-for-stm32.13.3.rel1.win32_1.0.0.202411081344/tools/bin/../lib/gcc/arm-none-eabi/13.3.1/../../../../arm-none-eabi/lib/thumb/v7-m/nofp\libc_nano.a(libc_a-memset.o)
 .ARM.attributes
                0x0000052a       0x2d C:/ST/STM32CubeIDE_1.19.0/STM32CubeIDE/plugins/com.st.stm32cube.ide.mcu.externaltools.gnu-tools-for-stm32.13.3.rel1.win32_1.0.0.202411081344/tools/bin/../lib/gcc/arm-none-eabi/13.3.1/../../../../arm-none-eabi/lib/thumb/v7-m/nofp\libc_nano.a(libc_a-reent.o)
 .ARM.attributes
                0x00000557       0x2d C:/ST/STM32CubeIDE_1.19.0/STM32CubeIDE/plugins/com.st.stm32cube.ide.mcu.externaltools.gnu-tools-for-stm32.13.3.rel1.win32_1.0.0.202411081344/tools/bin/../lib/gcc/arm-none-eabi/13.3.1/../../../../arm-none-eabi/lib/thumb/v7-m/nofp\libc_nano.a(libc_a-impure.o)
 .ARM.attributes
                0x00000584       0x2d C:/ST/STM32CubeIDE_1.19.0/STM32CubeIDE/plugins/com.st.stm32cube.ide.mcu.externaltools.gnu-tools-for-stm32.13.3.rel1.win32_1.0.0.202411081344/tools/bin/../lib/gcc/arm-none-eabi/13.3.1/../../../../arm-none-eabi/lib/thumb/v7-m/nofp\libc_nano.a(libc_a-errno.o)
 .ARM.attributes
                0x000005b1       0x2d C:/ST/STM32CubeIDE_1.19.0/STM32CubeIDE/plugins/com.st.stm32cube.ide.mcu.externaltools.gnu-tools-for-stm32.13.3.rel1.win32_1.0.0.202411081344/tools/bin/../lib/gcc/arm-none-eabi/13.3.1/../../../../arm-none-eabi/lib/thumb/v7-m/nofp\libc_nano.a(libc_a-init.o)
 .ARM.attributes
                0x000005de       0x2d C:/ST/STM32CubeIDE_1.19.0/STM32CubeIDE/plugins/com.st.stm32cube.ide.mcu.externaltools.gnu-tools-for-stm32.13.3.rel1.win32_1.0.0.202411081344/tools/bin/../lib/gcc/arm-none-eabi/13.3.1/../../../../arm-none-eabi/lib/thumb/v7-m/nofp\libc_nano.a(libc_a-lock.o)
 .ARM.attributes
                0x0000060b       0x2d C:/ST/STM32CubeIDE_1.19.0/STM32CubeIDE/plugins/com.st.stm32cube.ide.mcu.externaltools.gnu-tools-for-stm32.13.3.rel1.win32_1.0.0.202411081344/tools/bin/../lib/gcc/arm-none-eabi/13.3.1/../../../../arm-none-eabi/lib/thumb/v7-m/nofp\libc_nano.a(libc_a-memcpy-stub.o)
 .ARM.attributes
                0x00000638       0x17 C:/ST/STM32CubeIDE_1.19.0/STM32CubeIDE/plugins/com.st.stm32cube.ide.mcu.externaltools.gnu-tools-for-stm32.13.3.rel1.win32_1.0.0.202411081344/tools/bin/../lib/gcc/arm-none-eabi/13.3.1/../../../../arm-none-eabi/lib/thumb/v7-m/nofp\libc_nano.a(libc_a-strlen.o)
 .ARM.attributes
                0x0000064f       0x2d C:/ST/STM32CubeIDE_1.19.0/STM32CubeIDE/plugins/com.st.stm32cube.ide.mcu.externaltools.gnu-tools-for-stm32.13.3.rel1.win32_1.0.0.202411081344/tools/bin/../lib/gcc/arm-none-eabi/13.3.1/../../../../arm-none-eabi/lib/thumb/v7-m/nofp\libc_nano.a(libc_a-freer.o)
 .ARM.attributes
                0x0000067c       0x2d C:/ST/STM32CubeIDE_1.19.0/STM32CubeIDE/plugins/com.st.stm32cube.ide.mcu.externaltools.gnu-tools-for-stm32.13.3.rel1.win32_1.0.0.202411081344/tools/bin/../lib/gcc/arm-none-eabi/13.3.1/../../../../arm-none-eabi/lib/thumb/v7-m/nofp\libc_nano.a(libc_a-mallocr.o)
 .ARM.attributes
                0x000006a9       0x2d C:/ST/STM32CubeIDE_1.19.0/STM32CubeIDE/plugins/com.st.stm32cube.ide.mcu.externaltools.gnu-tools-for-stm32.13.3.rel1.win32_1.0.0.202411081344/tools/bin/../lib/gcc/arm-none-eabi/13.3.1/../../../../arm-none-eabi/lib/thumb/v7-m/nofp\libc_nano.a(libc_a-mlock.o)
 .ARM.attributes
                0x000006d6       0x2d C:/ST/STM32CubeIDE_1.19.0/STM32CubeIDE/plugins/com.st.stm32cube.ide.mcu.externaltools.gnu-tools-for-stm32.13.3.rel1.win32_1.0.0.202411081344/tools/bin/../lib/gcc/arm-none-eabi/13.3.1/../../../../arm-none-eabi/lib/thumb/v7-m/nofp\libc_nano.a(libc_a-nano-svfprintf.o)
 .ARM.attributes
                0x00000703       0x2d C:/ST/STM32CubeIDE_1.19.0/STM32CubeIDE/plugins/com.st.stm32cube.ide.mcu.externaltools.gnu-tools-for-stm32.13.3.rel1.win32_1.0.0.202411081344/tools/bin/../lib/gcc/arm-none-eabi/13.3.1/../../../../arm-none-eabi/lib/thumb/v7-m/nofp\libc_nano.a(libc_a-nano-vfprintf_i.o)
 .ARM.attributes
                0x00000730       0x2d C:/ST/STM32CubeIDE_1.19.0/STM32CubeIDE/plugins/com.st.stm32cube.ide.mcu.externaltools.gnu-tools-for-stm32.13.3.rel1.win32_1.0.0.202411081344/tools/bin/../lib/gcc/arm-none-eabi/13.3.1/../../../../arm-none-eabi/lib/thumb/v7-m/nofp\libc_nano.a(libc_a-memmove.o)
 .ARM.attributes
                0x0000075d       0x2d C:/ST/STM32CubeIDE_1.19.0/STM32CubeIDE/plugins/com.st.stm32cube.ide.mcu.externaltools.gnu-tools-for-stm32.13.3.rel1.win32_1.0.0.202411081344/tools/bin/../lib/gcc/arm-none-eabi/13.3.1/../../../../arm-none-eabi/lib/thumb/v7-m/nofp\libc_nano.a(libc_a-sbrkr.o)
 .ARM.attributes
                0x0000078a       0x2d C:/ST/STM32CubeIDE_1.19.0/STM32CubeIDE/plugins/com.st.stm32cube.ide.mcu.externaltools.gnu-tools-for-stm32.13.3.rel1.win32_1.0.0.202411081344/tools/bin/../lib/gcc/arm-none-eabi/13.3.1/../../../../arm-none-eabi/lib/thumb/v7-m/nofp\libc_nano.a(libc_a-memchr-stub.o)
 .ARM.attributes
                0x000007b7       0x2d C:/ST/STM32CubeIDE_1.19.0/STM32CubeIDE/plugins/com.st.stm32cube.ide.mcu.externaltools.gnu-tools-for-stm32.13.3.rel1.win32_1.0.0.202411081344/tools/bin/../lib/gcc/arm-none-eabi/13.3.1/../../../../arm-none-eabi/lib/thumb/v7-m/nofp\libc_nano.a(libc_a-reallocr.o)
 .ARM.attributes
                0x000007e4       0x2d C:/ST/STM32CubeIDE_1.19.0/STM32CubeIDE/plugins/com.st.stm32cube.ide.mcu.externaltools.gnu-tools-for-stm32.13.3.rel1.win32_1.0.0.202411081344/tools/bin/../lib/gcc/arm-none-eabi/13.3.1/../../../../arm-none-eabi/lib/thumb/v7-m/nofp\libc_nano.a(libc_a-msizer.o)
 .ARM.attributes
                0x00000811       0x1d C:/ST/STM32CubeIDE_1.19.0/STM32CubeIDE/plugins/com.st.stm32cube.ide.mcu.externaltools.gnu-tools-for-stm32.13.3.rel1.win32_1.0.0.202411081344/tools/bin/../lib/gcc/arm-none-eabi/13.3.1/thumb/v7-m/nofp/crtn.o
OUTPUT(Loop2_Nucleo_DLI_sim.elf elf32-littlearm)
LOAD linker stubs
LOAD C:/ST/STM32CubeIDE_1.19.0/STM32CubeIDE/plugins/com.st.stm32cube.ide.mcu.externaltools.gnu-tools-for-stm32.13.3.rel1.win32_1.0.0.202411081344/tools/bin/../lib/gcc/arm-none-eabi/13.3.1/../../../../arm-none-eabi/lib/thumb/v7-m/nofp\libc.a
LOAD C:/ST/STM32CubeIDE_1.19.0/STM32CubeIDE/plugins/com.st.stm32cube.ide.mcu.externaltools.gnu-tools-for-stm32.13.3.rel1.win32_1.0.0.202411081344/tools/bin/../lib/gcc/arm-none-eabi/13.3.1/../../../../arm-none-eabi/lib/thumb/v7-m/nofp\libm.a
LOAD C:/ST/STM32CubeIDE_1.19.0/STM32CubeIDE/plugins/com.st.stm32cube.ide.mcu.externaltools.gnu-tools-for-stm32.13.3.rel1.win32_1.0.0.202411081344/tools/bin/../lib/gcc/arm-none-eabi/13.3.1/thumb/v7-m/nofp\libgcc.a

.debug_info     0x00000000    0x10c2e
 .debug_info    0x00000000     0x106e ./Core/Src/freertos.o
 .debug_info    0x0000106e      0x871 ./Core/Src/functions.o
 .debug_info    0x000018df      0x18e ./Core/Src/generated_points.o
 .debug_info    0x00001a6d      0x450 ./Core/Src/gpio.o
 .debug_info    0x00001ebd      0x99b ./Core/Src/i2c.o
 .debug_info    0x00002858      0xac9 ./Core/Src/main.o
 .debug_info    0x00003321      0x60a ./Core/Src/sensor_message.o
 .debug_info    0x0000392b      0x376 ./Core/Src/stm32f1xx_hal_msp.o
 .debug_info    0x00003ca1      0x6d4 ./Core/Src/stm32f1xx_it.o
 .debug_info    0x00004375      0x168 ./Core/Src/sysmem.o
 .debug_info    0x000044dd      0x236 ./Core/Src/system_stm32f1xx.o
 .debug_info    0x00004713      0x7c7 ./Core/Src/usart.o
 .debug_info    0x00004eda       0x30 ./Core/Startup/startup_stm32f100rbtx.o
 .debug_info    0x00004f0a      0x67d ./Drivers/STM32F1xx_HAL_Driver/Src/stm32f1xx_hal.o
 .debug_info    0x00005587      0xa7b ./Drivers/STM32F1xx_HAL_Driver/Src/stm32f1xx_hal_cortex.o
 .debug_info    0x00006002      0x6d2 ./Drivers/STM32F1xx_HAL_Driver/Src/stm32f1xx_hal_dma.o
 .debug_info    0x000066d4      0x5c5 ./Drivers/STM32F1xx_HAL_Driver/Src/stm32f1xx_hal_gpio.o
 .debug_info    0x00006c99     0x2524 ./Drivers/STM32F1xx_HAL_Driver/Src/stm32f1xx_hal_i2c.o
 .debug_info    0x000091bd      0x765 ./Drivers/STM32F1xx_HAL_Driver/Src/stm32f1xx_hal_rcc.o
 .debug_info    0x00009922     0x2eed ./Drivers/STM32F1xx_HAL_Driver/Src/stm32f1xx_hal_uart.o
 .debug_info    0x0000c80f     0x1b60 ./Middlewares/Third_Party/FreeRTOS/Source/CMSIS_RTOS/cmsis_os.o
 .debug_info    0x0000e36f      0x2af ./Middlewares/Third_Party/FreeRTOS/Source/list.o
 .debug_info    0x0000e61e     0x1ca7 ./Middlewares/Third_Party/FreeRTOS/Source/tasks.o
 .debug_info    0x000102c5      0x494 ./Middlewares/Third_Party/FreeRTOS/Source/portable/GCC/ARM_CM3/port.o
 .debug_info    0x00010759      0x4d5 ./Middlewares/Third_Party/FreeRTOS/Source/portable/MemMang/heap_4.o

.debug_abbrev   0x00000000     0x3062
 .debug_abbrev  0x00000000      0x284 ./Core/Src/freertos.o
 .debug_abbrev  0x00000284      0x22f ./Core/Src/functions.o
 .debug_abbrev  0x000004b3       0xc8 ./Core/Src/generated_points.o
 .debug_abbrev  0x0000057b      0x160 ./Core/Src/gpio.o
 .debug_abbrev  0x000006db      0x1fc ./Core/Src/i2c.o
 .debug_abbrev  0x000008d7      0x223 ./Core/Src/main.o
 .debug_abbrev  0x00000afa       0xf0 ./Core/Src/sensor_message.o
 .debug_abbrev  0x00000bea      0x11c ./Core/Src/stm32f1xx_hal_msp.o
 .debug_abbrev  0x00000d06      0x1c7 ./Core/Src/stm32f1xx_it.o
 .debug_abbrev  0x00000ecd       0xbc ./Core/Src/sysmem.o
 .debug_abbrev  0x00000f89      0x119 ./Core/Src/system_stm32f1xx.o
 .debug_abbrev  0x000010a2      0x1e5 ./Core/Src/usart.o
 .debug_abbrev  0x00001287       0x24 ./Core/Startup/startup_stm32f100rbtx.o
 .debug_abbrev  0x000012ab      0x233 ./Drivers/STM32F1xx_HAL_Driver/Src/stm32f1xx_hal.o
 .debug_abbrev  0x000014de      0x2f8 ./Drivers/STM32F1xx_HAL_Driver/Src/stm32f1xx_hal_cortex.o
 .debug_abbrev  0x000017d6      0x20b ./Drivers/STM32F1xx_HAL_Driver/Src/stm32f1xx_hal_dma.o
 .debug_abbrev  0x000019e1      0x1ca ./Drivers/STM32F1xx_HAL_Driver/Src/stm32f1xx_hal_gpio.o
 .debug_abbrev  0x00001bab      0x2a3 ./Drivers/STM32F1xx_HAL_Driver/Src/stm32f1xx_hal_i2c.o
 .debug_abbrev  0x00001e4e      0x2b2 ./Drivers/STM32F1xx_HAL_Driver/Src/stm32f1xx_hal_rcc.o
 .debug_abbrev  0x00002100      0x2f8 ./Drivers/STM32F1xx_HAL_Driver/Src/stm32f1xx_hal_uart.o
 .debug_abbrev  0x000023f8      0x3a7 ./Middlewares/Third_Party/FreeRTOS/Source/CMSIS_RTOS/cmsis_os.o
 .debug_abbrev  0x0000279f       0xf5 ./Middlewares/Third_Party/FreeRTOS/Source/list.o
 .debug_abbrev  0x00002894      0x359 ./Middlewares/Third_Party/FreeRTOS/Source/tasks.o
 .debug_abbrev  0x00002bed      0x258 ./Middlewares/Third_Party/FreeRTOS/Source/portable/GCC/ARM_CM3/port.o
 .debug_abbrev  0x00002e45      0x21d ./Middlewares/Third_Party/FreeRTOS/Source/portable/MemMang/heap_4.o

.debug_aranges  0x00000000      0xf38
 .debug_aranges
                0x00000000       0x38 ./Core/Src/freertos.o
 .debug_aranges
                0x00000038       0x50 ./Core/Src/functions.o
 .debug_aranges
                0x00000088       0x18 ./Core/Src/generated_points.o
 .debug_aranges
                0x000000a0       0x20 ./Core/Src/gpio.o
 .debug_aranges
                0x000000c0       0x30 ./Core/Src/i2c.o
 .debug_aranges
                0x000000f0       0x48 ./Core/Src/main.o
 .debug_aranges
                0x00000138       0x18 ./Core/Src/sensor_message.o
 .debug_aranges
                0x00000150       0x20 ./Core/Src/stm32f1xx_hal_msp.o
 .debug_aranges
                0x00000170       0x90 ./Core/Src/stm32f1xx_it.o
 .debug_aranges
                0x00000200       0x20 ./Core/Src/sysmem.o
 .debug_aranges
                0x00000220       0x28 ./Core/Src/system_stm32f1xx.o
 .debug_aranges
                0x00000248       0x30 ./Core/Src/usart.o
 .debug_aranges
                0x00000278       0x28 ./Core/Startup/startup_stm32f100rbtx.o
 .debug_aranges
                0x000002a0       0xe0 ./Drivers/STM32F1xx_HAL_Driver/Src/stm32f1xx_hal.o
 .debug_aranges
                0x00000380      0x100 ./Drivers/STM32F1xx_HAL_Driver/Src/stm32f1xx_hal_cortex.o
 .debug_aranges
                0x00000480       0x80 ./Drivers/STM32F1xx_HAL_Driver/Src/stm32f1xx_hal_dma.o
 .debug_aranges
                0x00000500       0x58 ./Drivers/STM32F1xx_HAL_Driver/Src/stm32f1xx_hal_gpio.o
 .debug_aranges
                0x00000558      0x2a8 ./Drivers/STM32F1xx_HAL_Driver/Src/stm32f1xx_hal_i2c.o
 .debug_aranges
                0x00000800       0x90 ./Drivers/STM32F1xx_HAL_Driver/Src/stm32f1xx_hal_rcc.o
 .debug_aranges
                0x00000890      0x208 ./Drivers/STM32F1xx_HAL_Driver/Src/stm32f1xx_hal_uart.o
 .debug_aranges
                0x00000a98      0x1d8 ./Middlewares/Third_Party/FreeRTOS/Source/CMSIS_RTOS/cmsis_os.o
 .debug_aranges
                0x00000c70       0x40 ./Middlewares/Third_Party/FreeRTOS/Source/list.o
 .debug_aranges
                0x00000cb0      0x1b8 ./Middlewares/Third_Party/FreeRTOS/Source/tasks.o
 .debug_aranges
                0x00000e68       0x78 ./Middlewares/Third_Party/FreeRTOS/Source/portable/GCC/ARM_CM3/port.o
 .debug_aranges
                0x00000ee0       0x58 ./Middlewares/Third_Party/FreeRTOS/Source/portable/MemMang/heap_4.o

.debug_rnglists
                0x00000000      0xb96
 .debug_rnglists
                0x00000000       0x26 ./Core/Src/freertos.o
 .debug_rnglists
                0x00000026       0x38 ./Core/Src/functions.o
 .debug_rnglists
                0x0000005e       0x14 ./Core/Src/gpio.o
 .debug_rnglists
                0x00000072       0x20 ./Core/Src/i2c.o
 .debug_rnglists
                0x00000092       0x32 ./Core/Src/main.o
 .debug_rnglists
                0x000000c4       0x13 ./Core/Src/stm32f1xx_hal_msp.o
 .debug_rnglists
                0x000000d7       0x67 ./Core/Src/stm32f1xx_it.o
 .debug_rnglists
                0x0000013e       0x13 ./Core/Src/sysmem.o
 .debug_rnglists
                0x00000151       0x1a ./Core/Src/system_stm32f1xx.o
 .debug_rnglists
                0x0000016b       0x20 ./Core/Src/usart.o
 .debug_rnglists
                0x0000018b       0x19 ./Core/Startup/startup_stm32f100rbtx.o
 .debug_rnglists
                0x000001a4       0xa3 ./Drivers/STM32F1xx_HAL_Driver/Src/stm32f1xx_hal.o
 .debug_rnglists
                0x00000247       0xbb ./Drivers/STM32F1xx_HAL_Driver/Src/stm32f1xx_hal_cortex.o
 .debug_rnglists
                0x00000302       0x64 ./Drivers/STM32F1xx_HAL_Driver/Src/stm32f1xx_hal_dma.o
 .debug_rnglists
                0x00000366       0x3f ./Drivers/STM32F1xx_HAL_Driver/Src/stm32f1xx_hal_gpio.o
 .debug_rnglists
                0x000003a5      0x23c ./Drivers/STM32F1xx_HAL_Driver/Src/stm32f1xx_hal_i2c.o
 .debug_rnglists
                0x000005e1       0x6c ./Drivers/STM32F1xx_HAL_Driver/Src/stm32f1xx_hal_rcc.o
 .debug_rnglists
                0x0000064d      0x1bc ./Drivers/STM32F1xx_HAL_Driver/Src/stm32f1xx_hal_uart.o
 .debug_rnglists
                0x00000809      0x16a ./Middlewares/Third_Party/FreeRTOS/Source/CMSIS_RTOS/cmsis_os.o
 .debug_rnglists
                0x00000973       0x2b ./Middlewares/Third_Party/FreeRTOS/Source/list.o
 .debug_rnglists
                0x0000099e      0x15f ./Middlewares/Third_Party/FreeRTOS/Source/tasks.o
 .debug_rnglists
                0x00000afd       0x57 ./Middlewares/Third_Party/FreeRTOS/Source/portable/GCC/ARM_CM3/port.o
 .debug_rnglists
                0x00000b54       0x42 ./Middlewares/Third_Party/FreeRTOS/Source/portable/MemMang/heap_4.o

.debug_macro    0x00000000    0x13015
 .debug_macro   0x00000000      0x28f ./Core/Src/freertos.o
 .debug_macro   0x0000028f      0xacc ./Core/Src/freertos.o
 .debug_macro   0x00000d5b      0x190 ./Core/Src/freertos.o
 .debug_macro   0x00000eeb       0x22 ./Core/Src/freertos.o
 .debug_macro   0x00000f0d       0x8e ./Core/Src/freertos.o
 .debug_macro   0x00000f9b       0x51 ./Core/Src/freertos.o
 .debug_macro   0x00000fec      0x103 ./Core/Src/freertos.o
 .debug_macro   0x000010ef       0x6a ./Core/Src/freertos.o
 .debug_macro   0x00001159      0x1df ./Core/Src/freertos.o
 .debug_macro   0x00001338       0xe4 ./Core/Src/freertos.o
 .debug_macro   0x0000141c      0x15a ./Core/Src/freertos.o
 .debug_macro   0x00001576       0xde ./Core/Src/freertos.o
 .debug_macro   0x00001654       0x1c ./Core/Src/freertos.o
 .debug_macro   0x00001670       0x26 ./Core/Src/freertos.o
 .debug_macro   0x00001696      0x504 ./Core/Src/freertos.o
 .debug_macro   0x00001b9a       0xb5 ./Core/Src/freertos.o
 .debug_macro   0x00001c4f       0xaa ./Core/Src/freertos.o
 .debug_macro   0x00001cf9      0x21b ./Core/Src/freertos.o
 .debug_macro   0x00001f14       0x2e ./Core/Src/freertos.o
 .debug_macro   0x00001f42       0x22 ./Core/Src/freertos.o
 .debug_macro   0x00001f64       0x1c ./Core/Src/freertos.o
 .debug_macro   0x00001f80       0x22 ./Core/Src/freertos.o
 .debug_macro   0x00001fa2       0xbd ./Core/Src/freertos.o
 .debug_macro   0x0000205f      0xd23 ./Core/Src/freertos.o
 .debug_macro   0x00002d82     0x75c9 ./Core/Src/freertos.o
 .debug_macro   0x0000a34b       0x6d ./Core/Src/freertos.o
 .debug_macro   0x0000a3b8     0x34a2 ./Core/Src/freertos.o
 .debug_macro   0x0000d85a       0x5c ./Core/Src/freertos.o
 .debug_macro   0x0000d8b6      0x5bc ./Core/Src/freertos.o
 .debug_macro   0x0000de72      0x369 ./Core/Src/freertos.o
 .debug_macro   0x0000e1db      0x1cb ./Core/Src/freertos.o
 .debug_macro   0x0000e3a6      0x114 ./Core/Src/freertos.o
 .debug_macro   0x0000e4ba      0x1f1 ./Core/Src/freertos.o
 .debug_macro   0x0000e6ab       0x27 ./Core/Src/freertos.o
 .debug_macro   0x0000e6d2      0x130 ./Core/Src/freertos.o
 .debug_macro   0x0000e802      0x1bc ./Core/Src/freertos.o
 .debug_macro   0x0000e9be       0x34 ./Core/Src/freertos.o
 .debug_macro   0x0000e9f2       0x3c ./Core/Src/freertos.o
 .debug_macro   0x0000ea2e       0x57 ./Core/Src/freertos.o
 .debug_macro   0x0000ea85       0x6b ./Core/Src/freertos.o
 .debug_macro   0x0000eaf0      0x240 ./Core/Src/freertos.o
 .debug_macro   0x0000ed30      0x287 ./Core/Src/freertos.o
 .debug_macro   0x0000efb7      0x140 ./Core/Src/freertos.o
 .debug_macro   0x0000f0f7      0x2aa ./Core/Src/freertos.o
 .debug_macro   0x0000f3a1       0x9f ./Core/Src/freertos.o
 .debug_macro   0x0000f440       0xdc ./Core/Src/freertos.o
 .debug_macro   0x0000f51c       0x91 ./Core/Src/freertos.o
 .debug_macro   0x0000f5ad       0x8d ./Core/Src/freertos.o
 .debug_macro   0x0000f63a       0x7e ./Core/Src/freertos.o
 .debug_macro   0x0000f6b8       0x19 ./Core/Src/freertos.o
 .debug_macro   0x0000f6d1       0xf2 ./Core/Src/freertos.o
 .debug_macro   0x0000f7c3      0x34f ./Core/Src/functions.o
 .debug_macro   0x0000fb12       0xe4 ./Core/Src/functions.o
 .debug_macro   0x0000fbf6       0x61 ./Core/Src/functions.o
 .debug_macro   0x0000fc57       0x24 ./Core/Src/functions.o
 .debug_macro   0x0000fc7b       0x43 ./Core/Src/functions.o
 .debug_macro   0x0000fcbe       0x34 ./Core/Src/functions.o
 .debug_macro   0x0000fcf2       0x16 ./Core/Src/functions.o
 .debug_macro   0x0000fd08       0x3c ./Core/Src/functions.o
 .debug_macro   0x0000fd44      0x370 ./Core/Src/functions.o
 .debug_macro   0x000100b4       0x10 ./Core/Src/functions.o
 .debug_macro   0x000100c4       0x16 ./Core/Src/functions.o
 .debug_macro   0x000100da       0x4a ./Core/Src/functions.o
 .debug_macro   0x00010124       0x34 ./Core/Src/functions.o
 .debug_macro   0x00010158       0x10 ./Core/Src/functions.o
 .debug_macro   0x00010168       0x58 ./Core/Src/functions.o
 .debug_macro   0x000101c0       0x8e ./Core/Src/functions.o
 .debug_macro   0x0001024e       0x1c ./Core/Src/functions.o
 .debug_macro   0x0001026a      0x185 ./Core/Src/functions.o
 .debug_macro   0x000103ef       0x16 ./Core/Src/functions.o
 .debug_macro   0x00010405       0x16 ./Core/Src/functions.o
 .debug_macro   0x0001041b      0x146 ./Core/Src/functions.o
 .debug_macro   0x00010561       0x4c ./Core/Src/functions.o
 .debug_macro   0x000105ad       0x16 ./Core/Src/functions.o
 .debug_macro   0x000105c3       0x20 ./Core/Src/functions.o
 .debug_macro   0x000105e3       0x77 ./Core/Src/generated_points.o
 .debug_macro   0x0001065a      0x218 ./Core/Src/gpio.o
 .debug_macro   0x00010872      0x218 ./Core/Src/i2c.o
 .debug_macro   0x00010a8a      0x39b ./Core/Src/main.o
 .debug_macro   0x00010e25       0x58 ./Core/Src/main.o
 .debug_macro   0x00010e7d       0x7b ./Core/Src/sensor_message.o
 .debug_macro   0x00010ef8      0x20e ./Core/Src/stm32f1xx_hal_msp.o
 .debug_macro   0x00011106      0x218 ./Core/Src/stm32f1xx_it.o
 .debug_macro   0x0001131e      0x112 ./Core/Src/sysmem.o
 .debug_macro   0x00011430      0x23c ./Core/Src/sysmem.o
 .debug_macro   0x0001166c      0x197 ./Core/Src/system_stm32f1xx.o
 .debug_macro   0x00011803      0x218 ./Core/Src/usart.o
 .debug_macro   0x00011a1b      0x1bb ./Drivers/STM32F1xx_HAL_Driver/Src/stm32f1xx_hal.o
 .debug_macro   0x00011bd6      0x197 ./Drivers/STM32F1xx_HAL_Driver/Src/stm32f1xx_hal_cortex.o
 .debug_macro   0x00011d6d      0x197 ./Drivers/STM32F1xx_HAL_Driver/Src/stm32f1xx_hal_dma.o
 .debug_macro   0x00011f04      0x202 ./Drivers/STM32F1xx_HAL_Driver/Src/stm32f1xx_hal_gpio.o
 .debug_macro   0x00012106      0x1e5 ./Drivers/STM32F1xx_HAL_Driver/Src/stm32f1xx_hal_i2c.o
 .debug_macro   0x000122eb      0x1a9 ./Drivers/STM32F1xx_HAL_Driver/Src/stm32f1xx_hal_rcc.o
 .debug_macro   0x00012494      0x198 ./Drivers/STM32F1xx_HAL_Driver/Src/stm32f1xx_hal_uart.o
 .debug_macro   0x0001262c      0x1fe ./Middlewares/Third_Party/FreeRTOS/Source/CMSIS_RTOS/cmsis_os.o
 .debug_macro   0x0001282a       0x10 ./Middlewares/Third_Party/FreeRTOS/Source/CMSIS_RTOS/cmsis_os.o
 .debug_macro   0x0001283a       0xab ./Middlewares/Third_Party/FreeRTOS/Source/CMSIS_RTOS/cmsis_os.o
 .debug_macro   0x000128e5      0x187 ./Middlewares/Third_Party/FreeRTOS/Source/list.o
 .debug_macro   0x00012a6c      0x279 ./Middlewares/Third_Party/FreeRTOS/Source/tasks.o
 .debug_macro   0x00012ce5       0x10 ./Middlewares/Third_Party/FreeRTOS/Source/tasks.o
 .debug_macro   0x00012cf5      0x172 ./Middlewares/Third_Party/FreeRTOS/Source/portable/GCC/ARM_CM3/port.o
 .debug_macro   0x00012e67      0x1ae ./Middlewares/Third_Party/FreeRTOS/Source/portable/MemMang/heap_4.o

.debug_line     0x00000000    0x13f76
 .debug_line    0x00000000      0xa8b ./Core/Src/freertos.o
 .debug_line    0x00000a8b      0xa66 ./Core/Src/functions.o
 .debug_line    0x000014f1      0x434 ./Core/Src/generated_points.o
 .debug_line    0x00001925      0x817 ./Core/Src/gpio.o
 .debug_line    0x0000213c      0x854 ./Core/Src/i2c.o
 .debug_line    0x00002990      0xb45 ./Core/Src/main.o
 .debug_line    0x000034d5      0x432 ./Core/Src/sensor_message.o
 .debug_line    0x00003907      0x7e6 ./Core/Src/stm32f1xx_hal_msp.o
 .debug_line    0x000040ed      0x93a ./Core/Src/stm32f1xx_it.o
 .debug_line    0x00004a27      0x588 ./Core/Src/sysmem.o
 .debug_line    0x00004faf      0x756 ./Core/Src/system_stm32f1xx.o
 .debug_line    0x00005705      0x858 ./Core/Src/usart.o
 .debug_line    0x00005f5d       0x78 ./Core/Startup/startup_stm32f100rbtx.o
 .debug_line    0x00005fd5      0x991 ./Drivers/STM32F1xx_HAL_Driver/Src/stm32f1xx_hal.o
 .debug_line    0x00006966      0xb5c ./Drivers/STM32F1xx_HAL_Driver/Src/stm32f1xx_hal_cortex.o
 .debug_line    0x000074c2      0xd9c ./Drivers/STM32F1xx_HAL_Driver/Src/stm32f1xx_hal_dma.o
 .debug_line    0x0000825e      0x9ef ./Drivers/STM32F1xx_HAL_Driver/Src/stm32f1xx_hal_gpio.o
 .debug_line    0x00008c4d     0x3b8f ./Drivers/STM32F1xx_HAL_Driver/Src/stm32f1xx_hal_i2c.o
 .debug_line    0x0000c7dc      0xe22 ./Drivers/STM32F1xx_HAL_Driver/Src/stm32f1xx_hal_rcc.o
 .debug_line    0x0000d5fe     0x24cd ./Drivers/STM32F1xx_HAL_Driver/Src/stm32f1xx_hal_uart.o
 .debug_line    0x0000facb     0x12ff ./Middlewares/Third_Party/FreeRTOS/Source/CMSIS_RTOS/cmsis_os.o
 .debug_line    0x00010dca      0x78b ./Middlewares/Third_Party/FreeRTOS/Source/list.o
 .debug_line    0x00011555     0x18c6 ./Middlewares/Third_Party/FreeRTOS/Source/tasks.o
 .debug_line    0x00012e1b      0x7ba ./Middlewares/Third_Party/FreeRTOS/Source/portable/GCC/ARM_CM3/port.o
 .debug_line    0x000135d5      0x9a1 ./Middlewares/Third_Party/FreeRTOS/Source/portable/MemMang/heap_4.o

.debug_str      0x00000000    0x6dda5
 .debug_str     0x00000000    0x6dda5 ./Core/Src/freertos.o
                              0x6527c (size before relaxing)
 .debug_str     0x0006dda5    0x65bd4 ./Core/Src/functions.o
 .debug_str     0x0006dda5     0x3e82 ./Core/Src/generated_points.o
 .debug_str     0x0006dda5    0x61fc7 ./Core/Src/gpio.o
 .debug_str     0x0006dda5    0x62495 ./Core/Src/i2c.o
 .debug_str     0x0006dda5    0x68115 ./Core/Src/main.o
 .debug_str     0x0006dda5     0x444c ./Core/Src/sensor_message.o
 .debug_str     0x0006dda5    0x61f32 ./Core/Src/stm32f1xx_hal_msp.o
 .debug_str     0x0006dda5    0x621f4 ./Core/Src/stm32f1xx_it.o
 .debug_str     0x0006dda5     0x7710 ./Core/Src/sysmem.o
 .debug_str     0x0006dda5    0x5da3e ./Core/Src/system_stm32f1xx.o
 .debug_str     0x0006dda5    0x6212b ./Core/Src/usart.o
 .debug_str     0x0006dda5       0x6a ./Core/Startup/startup_stm32f100rbtx.o
 .debug_str     0x0006dda5    0x5e11d ./Drivers/STM32F1xx_HAL_Driver/Src/stm32f1xx_hal.o
 .debug_str     0x0006dda5    0x5e082 ./Drivers/STM32F1xx_HAL_Driver/Src/stm32f1xx_hal_cortex.o
 .debug_str     0x0006dda5    0x5ddcf ./Drivers/STM32F1xx_HAL_Driver/Src/stm32f1xx_hal_dma.o
 .debug_str     0x0006dda5    0x5ddb2 ./Drivers/STM32F1xx_HAL_Driver/Src/stm32f1xx_hal_gpio.o
 .debug_str     0x0006dda5    0x5eaed ./Drivers/STM32F1xx_HAL_Driver/Src/stm32f1xx_hal_i2c.o
 .debug_str     0x0006dda5    0x5de3c ./Drivers/STM32F1xx_HAL_Driver/Src/stm32f1xx_hal_rcc.o
 .debug_str     0x0006dda5    0x5e4c6 ./Drivers/STM32F1xx_HAL_Driver/Src/stm32f1xx_hal_uart.o
 .debug_str     0x0006dda5     0xe69b ./Middlewares/Third_Party/FreeRTOS/Source/CMSIS_RTOS/cmsis_os.o
 .debug_str     0x0006dda5     0xab97 ./Middlewares/Third_Party/FreeRTOS/Source/list.o
 .debug_str     0x0006dda5     0xcf02 ./Middlewares/Third_Party/FreeRTOS/Source/tasks.o
 .debug_str     0x0006dda5     0x863d ./Middlewares/Third_Party/FreeRTOS/Source/portable/GCC/ARM_CM3/port.o
 .debug_str     0x0006dda5     0xb4d9 ./Middlewares/Third_Party/FreeRTOS/Source/portable/MemMang/heap_4.o

.comment        0x00000000       0x43
 .comment       0x00000000       0x43 ./Core/Src/freertos.o
                                 0x44 (size before relaxing)
 .comment       0x00000043       0x44 ./Core/Src/functions.o
 .comment       0x00000043       0x44 ./Core/Src/generated_points.o
 .comment       0x00000043       0x44 ./Core/Src/gpio.o
 .comment       0x00000043       0x44 ./Core/Src/i2c.o
 .comment       0x00000043       0x44 ./Core/Src/main.o
 .comment       0x00000043       0x44 ./Core/Src/sensor_message.o
 .comment       0x00000043       0x44 ./Core/Src/stm32f1xx_hal_msp.o
 .comment       0x00000043       0x44 ./Core/Src/stm32f1xx_it.o
 .comment       0x00000043       0x44 ./Core/Src/sysmem.o
 .comment       0x00000043       0x44 ./Core/Src/system_stm32f1xx.o
 .comment       0x00000043       0x44 ./Core/Src/usart.o
 .comment       0x00000043       0x44 ./Drivers/STM32F1xx_HAL_Driver/Src/stm32f1xx_hal.o
 .comment       0x00000043       0x44 ./Drivers/STM32F1xx_HAL_Driver/Src/stm32f1xx_hal_cortex.o
 .comment       0x00000043       0x44 ./Drivers/STM32F1xx_HAL_Driver/Src/stm32f1xx_hal_dma.o
 .comment       0x00000043       0x44 ./Drivers/STM32F1xx_HAL_Driver/Src/stm32f1xx_hal_gpio.o
 .comment       0x00000043       0x44 ./Drivers/STM32F1xx_HAL_Driver/Src/stm32f1xx_hal_i2c.o
 .comment       0x00000043       0x44 ./Drivers/STM32F1xx_HAL_Driver/Src/stm32f1xx_hal_rcc.o
 .comment       0x00000043       0x44 ./Drivers/STM32F1xx_HAL_Driver/Src/stm32f1xx_hal_uart.o
 .comment       0x00000043       0x44 ./Middlewares/Third_Party/FreeRTOS/Source/CMSIS_RTOS/cmsis_os.o
 .comment       0x00000043       0x44 ./Middlewares/Third_Party/FreeRTOS/Source/list.o
 .comment       0x00000043       0x44 ./Middlewares/Third_Party/FreeRTOS/Source/tasks.o
 .comment       0x00000043       0x44 ./Middlewares/Third_Party/FreeRTOS/Source/portable/GCC/ARM_CM3/port.o
 .comment       0x00000043       0x44 ./Middlewares/Third_Party/FreeRTOS/Source/portable/MemMang/heap_4.o

.debug_frame    0x00000000     0x4148
 .debug_frame   0x00000000       0xa0 ./Core/Src/freertos.o
 .debug_frame   0x000000a0      0x110 ./Core/Src/functions.o
 .debug_frame   0x000001b0       0x34 ./Core/Src/gpio.o
 .debug_frame   0x000001e4       0x74 ./Core/Src/i2c.o
 .debug_frame   0x00000258       0xd8 ./Core/Src/main.o
 .debug_frame   0x00000330       0x34 ./Core/Src/stm32f1xx_hal_msp.o
 .debug_frame   0x00000364      0x1a4 ./Core/Src/stm32f1xx_it.o
 .debug_frame   0x00000508       0x34 ./Core/Src/sysmem.o
 .debug_frame   0x0000053c       0x58 ./Core/Src/system_stm32f1xx.o
 .debug_frame   0x00000594       0x74 ./Core/Src/usart.o
 .debug_frame   0x00000608      0x334 ./Drivers/STM32F1xx_HAL_Driver/Src/stm32f1xx_hal.o
 .debug_frame   0x0000093c      0x428 ./Drivers/STM32F1xx_HAL_Driver/Src/stm32f1xx_hal_cortex.o
 .debug_frame   0x00000d64      0x208 ./Drivers/STM32F1xx_HAL_Driver/Src/stm32f1xx_hal_dma.o
 .debug_frame   0x00000f6c      0x14c ./Drivers/STM32F1xx_HAL_Driver/Src/stm32f1xx_hal_gpio.o
 .debug_frame   0x000010b8      0xc84 ./Drivers/STM32F1xx_HAL_Driver/Src/stm32f1xx_hal_i2c.o
 .debug_frame   0x00001d3c      0x218 ./Drivers/STM32F1xx_HAL_Driver/Src/stm32f1xx_hal_rcc.o
 .debug_frame   0x00001f54      0x944 ./Drivers/STM32F1xx_HAL_Driver/Src/stm32f1xx_hal_uart.o
 .debug_frame   0x00002898      0x80c ./Middlewares/Third_Party/FreeRTOS/Source/CMSIS_RTOS/cmsis_os.o
 .debug_frame   0x000030a4       0xd8 ./Middlewares/Third_Party/FreeRTOS/Source/list.o
 .debug_frame   0x0000317c      0x77c ./Middlewares/Third_Party/FreeRTOS/Source/tasks.o
 .debug_frame   0x000038f8      0x198 ./Middlewares/Third_Party/FreeRTOS/Source/portable/GCC/ARM_CM3/port.o
 .debug_frame   0x00003a90      0x12c ./Middlewares/Third_Party/FreeRTOS/Source/portable/MemMang/heap_4.o
 .debug_frame   0x00003bbc      0x144 C:/ST/STM32CubeIDE_1.19.0/STM32CubeIDE/plugins/com.st.stm32cube.ide.mcu.externaltools.gnu-tools-for-stm32.13.3.rel1.win32_1.0.0.202411081344/tools/bin/../lib/gcc/arm-none-eabi/13.3.1/../../../../arm-none-eabi/lib/thumb/v7-m/nofp\libc_nano.a(libc_a-findfp.o)
 .debug_frame   0x00003d00       0x4c C:/ST/STM32CubeIDE_1.19.0/STM32CubeIDE/plugins/com.st.stm32cube.ide.mcu.externaltools.gnu-tools-for-stm32.13.3.rel1.win32_1.0.0.202411081344/tools/bin/../lib/gcc/arm-none-eabi/13.3.1/../../../../arm-none-eabi/lib/thumb/v7-m/nofp\libc_nano.a(libc_a-vsnprintf.o)
 .debug_frame   0x00003d4c       0x20 C:/ST/STM32CubeIDE_1.19.0/STM32CubeIDE/plugins/com.st.stm32cube.ide.mcu.externaltools.gnu-tools-for-stm32.13.3.rel1.win32_1.0.0.202411081344/tools/bin/../lib/gcc/arm-none-eabi/13.3.1/../../../../arm-none-eabi/lib/thumb/v7-m/nofp\libc_nano.a(libc_a-memset.o)
 .debug_frame   0x00003d6c       0x38 C:/ST/STM32CubeIDE_1.19.0/STM32CubeIDE/plugins/com.st.stm32cube.ide.mcu.externaltools.gnu-tools-for-stm32.13.3.rel1.win32_1.0.0.202411081344/tools/bin/../lib/gcc/arm-none-eabi/13.3.1/../../../../arm-none-eabi/lib/thumb/v7-m/nofp\libc_nano.a(libc_a-reent.o)
 .debug_frame   0x00003da4       0x20 C:/ST/STM32CubeIDE_1.19.0/STM32CubeIDE/plugins/com.st.stm32cube.ide.mcu.externaltools.gnu-tools-for-stm32.13.3.rel1.win32_1.0.0.202411081344/tools/bin/../lib/gcc/arm-none-eabi/13.3.1/../../../../arm-none-eabi/lib/thumb/v7-m/nofp\libc_nano.a(libc_a-errno.o)