../Core/Src/stm32f1xx_it.c:71:6:NMI_Handler	4	static
../Core/Src/stm32f1xx_it.c:86:6:HardFault_Handler	4	static
../Core/Src/stm32f1xx_it.c:101:6:MemManage_Handler	4	static
../Core/Src/stm32f1xx_it.c:116:6:BusFault_Handler	4	static
../Core/Src/stm32f1xx_it.c:131:6:UsageFault_Handler	4	static
../Core/Src/stm32f1xx_it.c:146:6:DebugMon_Handler	4	static
../Core/Src/stm32f1xx_it.c:159:6:SysTick_Handler	8	static
../Core/Src/stm32f1xx_it.c:188:6:EXTI0_IRQHandler	8	static
../Core/Src/stm32f1xx_it.c:202:6:EXTI1_IRQHandler	8	static
../Core/Src/stm32f1xx_it.c:216:6:EXTI2_IRQHandler	8	static
../Core/Src/stm32f1xx_it.c:230:6:EXTI3_IRQHandler	8	static
../Core/Src/stm32f1xx_it.c:244:6:EXTI4_IRQHandler	8	static
../Core/Src/stm32f1xx_it.c:258:6:EXTI9_5_IRQHandler	8	static
../Core/Src/stm32f1xx_it.c:272:6:I2C1_EV_IRQHandler	8	static
../Core/Src/stm32f1xx_it.c:286:6:I2C1_ER_IRQHandler	8	static
